Archive member included to satisfy reference by file (symbol)

/Applications/VEXcode Pro V5.app/Contents/Resources/sdk/vexv5/libv5rt.a(v5_startup.c.obj)
                              (vexStartup)
/Applications/VEXcode Pro V5.app/Contents/Resources/sdk/vexv5/libv5rt.a(v5_util.c.obj)
                              /Applications/VEXcode Pro V5.app/Contents/Resources/sdk/vexv5/libv5rt.a(v5_startup.c.obj) (vexStdlibVersionLinked)
/Applications/VEXcode Pro V5.app/Contents/Resources/sdk/vexv5/libv5rt.a(v5_apijump.c.obj)
                              /Applications/VEXcode Pro V5.app/Contents/Resources/sdk/vexv5/libv5rt.a(v5_startup.c.obj) (vexPrivateApiEnable)
/Applications/VEXcode Pro V5.app/Contents/Resources/sdk/vexv5/libv5rt.a(v5_apiversions.c.obj)
                              /Applications/VEXcode Pro V5.app/Contents/Resources/sdk/vexv5/libv5rt.a(v5_apijump.c.obj) (vexSystemVersion)
/Applications/VEXcode Pro V5.app/Contents/Resources/sdk/vexv5/libv5rt.a(vex_global.cpp.obj)
                              build/src/main.o (vex::wait(double, vex::timeUnits))
/Applications/VEXcode Pro V5.app/Contents/Resources/sdk/vexv5/libv5rt.a(vex_motor.cpp.obj)
                              build/src/main.o (vex::motor::~motor())
/Applications/VEXcode Pro V5.app/Contents/Resources/sdk/vexv5/libv5rt.a(vex_imu.cpp.obj)
                              build/src/JAR-Template/drive.o (vex::inertial::setRotation(double, vex::rotationUnits))
/Applications/VEXcode Pro V5.app/Contents/Resources/sdk/vexv5/libv5rt.a(vex_rotation.cpp.obj)
                              build/src/main.o (vex::rotation::~rotation())
/Applications/VEXcode Pro V5.app/Contents/Resources/sdk/vexv5/libv5rt.a(vex_optical.cpp.obj)
                              build/src/robot-config.o (vex::optical::~optical())
/Applications/VEXcode Pro V5.app/Contents/Resources/sdk/vexv5/libv5rt.a(vex_controller.cpp.obj)
                              build/src/robot-config.o (vex::controller::~controller())
/Applications/VEXcode Pro V5.app/Contents/Resources/sdk/vexv5/libv5rt.a(vex_task.cpp.obj)
                              build/src/JAR-Template/drive.o (vex::task::task())
/Applications/VEXcode Pro V5.app/Contents/Resources/sdk/vexv5/libv5rt.a(vex_thread.cpp.obj)
                              /Applications/VEXcode Pro V5.app/Contents/Resources/sdk/vexv5/libv5rt.a(vex_global.cpp.obj) (vex::this_thread::sleep_for(unsigned long))
/Applications/VEXcode Pro V5.app/Contents/Resources/sdk/vexv5/libv5rt.a(vex_event.cpp.obj)
                              /Applications/VEXcode Pro V5.app/Contents/Resources/sdk/vexv5/libv5rt.a(vex_imu.cpp.obj) (vex::event::init(unsigned long, unsigned long, void (*)()))
/Applications/VEXcode Pro V5.app/Contents/Resources/sdk/vexv5/libv5rt.a(vex_mevent.cpp.obj)
                              /Applications/VEXcode Pro V5.app/Contents/Resources/sdk/vexv5/libv5rt.a(vex_controller.cpp.obj) (vex::mevent::mevent(unsigned long, unsigned long))
/Applications/VEXcode Pro V5.app/Contents/Resources/sdk/vexv5/libv5rt.a(vex_brain.cpp.obj)
                              build/src/robot-config.o (vex::brain::brain())
/Applications/VEXcode Pro V5.app/Contents/Resources/sdk/vexv5/libv5rt.a(vex_competition.cpp.obj)
                              build/src/main.o (vex::competition::competition())
/Applications/VEXcode Pro V5.app/Contents/Resources/sdk/vexv5/libv5rt.a(vex_triport.cpp.obj)
                              build/src/main.o (vex::triport::~triport())
/Applications/VEXcode Pro V5.app/Contents/Resources/sdk/vexv5/libv5rt.a(vex_color.cpp.obj)
                              /Applications/VEXcode Pro V5.app/Contents/Resources/sdk/vexv5/libv5rt.a(vex_optical.cpp.obj) (vex::color::~color())
/Applications/VEXcode Pro V5.app/Contents/Resources/sdk/vexv5/libv5rt.a(vex_timer.cpp.obj)
                              /Applications/VEXcode Pro V5.app/Contents/Resources/sdk/vexv5/libv5rt.a(vex_brain.cpp.obj) (vex::timer::~timer())
/Applications/VEXcode Pro V5.app/Contents/Resources/sdk/vexv5/libv5rt.a(vex_motorgroup.cpp.obj)
                              build/src/JAR-Template/drive.o (vex::motor_group::motor_group_motors::motor_group_motors(vex::motor_group::motor_group_motors const&))
/Applications/VEXcode Pro V5.app/Contents/Resources/sdk/vexv5/libv5rt.a(v5_apiuser.c.obj)
                              /Applications/VEXcode Pro V5.app/Contents/Resources/sdk/vexv5/libv5rt.a(vex_triport.cpp.obj) (vexAdiPortConfigSet)
/Applications/VEXcode Pro V5.app/Contents/Resources/sdk/vexv5/libv5rt.a(vex_device.cpp.obj)
                              /Applications/VEXcode Pro V5.app/Contents/Resources/sdk/vexv5/libv5rt.a(vex_motor.cpp.obj) (vex::device::~device())
/Applications/VEXcode Pro V5.app/Contents/Resources/sdk/vexv5/gcc/libs/libc.a(lib_a-fini.o)
                              /Applications/VEXcode Pro V5.app/Contents/Resources/sdk/vexv5/libv5rt.a(v5_startup.c.obj) (__libc_fini_array)
/Applications/VEXcode Pro V5.app/Contents/Resources/sdk/vexv5/gcc/libs/libc.a(lib_a-impure.o)
[...]
Memory Configuration

Name             Origin             Length             Attributes
ps7_ddr_0_S_AXI_BASEADDR 0x0000000003800000 0x0000000004800000
*default*        0x0000000000000000 0xffffffffffffffff

Linker script and memory map

                0x0000000000002000                _STACK_SIZE = DEFINED (_STACK_SIZE)?_STACK_SIZE:0x2000
                0x0000000000100000                _HEAP_SIZE = DEFINED (_HEAP_SIZE)?_HEAP_SIZE:0x100000
                0x0000000000000400                _ABORT_STACK_SIZE = DEFINED (_ABORT_STACK_SIZE)?_ABORT_STACK_SIZE:0x400
                0x0000000000000800                _SUPERVISOR_STACK_SIZE = DEFINED (_SUPERVISOR_STACK_SIZE)?_SUPERVISOR_STACK_SIZE:0x800
                0x0000000000000400                _IRQ_STACK_SIZE = DEFINED (_IRQ_STACK_SIZE)?_IRQ_STACK_SIZE:0x400
                0x0000000000000400                _FIQ_STACK_SIZE = DEFINED (_FIQ_STACK_SIZE)?_FIQ_STACK_SIZE:0x400
                0x0000000000000400                _UNDEF_STACK_SIZE = DEFINED (_UNDEF_STACK_SIZE)?_UNDEF_STACK_SIZE:0x400

.text           0x0000000003800000     0x4560
 *(.vectors)
 *(.boot_data)
 .boot_data     0x0000000003800000       0x20 /Applications/VEXcode Pro V5.app/Contents/Resources/sdk/vexv5/libv5rt.a(v5_startup.c.obj)
                0x0000000003800000                vexCodeSig
                0x0000000000000020                . = 0x20
 *(.boot)
 .boot          0x0000000003800020       0xbc /Applications/VEXcode Pro V5.app/Contents/Resources/sdk/vexv5/libv5rt.a(v5_startup.c.obj)
                0x0000000003800020                vexStartup
                0x0000000003800100                . = ALIGN (0x40)
 *fill*         0x00000000038000dc       0x24 
 *(.freertos_vectors)
 *(.text)
 *(.text.*)
 .text._Z17default_constantsv
                0x0000000003800100      0x10c build/src/autons.o
                0x0000000003800100                default_constants()
 .text._ZN3vex11motor_groupC2IJNS_5motorES2_S2_EEERS2_DpRT_
                0x000000000380020c       0x50 build/src/main.o
                0x000000000380020c                vex::motor_group::motor_group<vex::motor, vex::motor, vex::motor>(vex::motor&, vex::motor&, vex::motor&, vex::motor&)
 .text._ZN5DriveD2Ev
                0x000000000380025c       0x7c build/src/main.o
                0x000000000380025c                Drive::~Drive()
 .text._Z9pre_autonv
                0x00000000038002d8      0x258 build/src/main.o
                0x00000000038002d8                pre_auton()
 .text._Z10autonomousv
                0x0000000003800530       0x28 build/src/main.o
                0x0000000003800530                autonomous()
 .text._Z11usercontrolv
                0x0000000003800558      0x2c0 build/src/main.o
                0x0000000003800558                usercontrol()
 .text.main     0x0000000003800818       0x68 build/src/main.o
                0x0000000003800818                main
 .text._GLOBAL__sub_I_main.cpp
                0x0000000003800880      0x194 build/src/main.o
 .text._Z11vexcodeInitv
                0x0000000003800a14        0x4 build/src/robot-config.o
                0x0000000003800a14                vexcodeInit()
 .text._GLOBAL__sub_I_robot_config.cpp
                0x0000000003800a18      0x388 build/src/robot-config.o
 .text._ZN5DriveC2E11drive_setupN3vex11motor_groupES2_ifffiiiiiffiff
                0x0000000003800da0      0x268 build/src/JAR-Template/drive.o
                0x0000000003800da0                Drive::Drive(drive_setup, vex::motor_group, vex::motor_group, int, float, float, float, int, int, int, int, int, float, float, int, float, float)
                0x0000000003800da0                Drive::Drive(drive_setup, vex::motor_group, vex::motor_group, int, float, float, float, int, int, int, int, int, float, float, int, float, float)
 .text._ZN5Drive18set_turn_constantsEfffff
                0x0000000003801008       0x1c build/src/JAR-Template/drive.o
                0x0000000003801008                Drive::set_turn_constants(float, float, float, float, float)
 .text._ZN5Drive19set_drive_constantsEfffff
                0x0000000003801024       0x1c build/src/JAR-Template/drive.o
                0x0000000003801024                Drive::set_drive_constants(float, float, float, float, float)
 .text._ZN5Drive21set_heading_constantsEfffff
                0x0000000003801040       0x1c build/src/JAR-Template/drive.o
                0x0000000003801040                Drive::set_heading_constants(float, float, float, float, float)
 .text._ZN5Drive19set_swing_constantsEfffff
                0x000000000380105c       0x1c build/src/JAR-Template/drive.o
                0x000000000380105c                Drive::set_swing_constants(float, float, float, float, float)
 .text._ZN5Drive24set_turn_exit_conditionsEfff
                0x0000000003801078        0xc build/src/JAR-Template/drive.o
                0x0000000003801078                Drive::set_turn_exit_conditions(float, float, float)
 .text._ZN5Drive25set_drive_exit_conditionsEfff
                0x0000000003801084        0xc build/src/JAR-Template/drive.o
                0x0000000003801084                Drive::set_drive_exit_conditions(float, float, float)
 .text._ZN5Drive25set_swing_exit_conditionsEfff
                0x0000000003801090        0xc build/src/JAR-Template/drive.o
                0x0000000003801090                Drive::set_swing_exit_conditions(float, float, float)
 *fill*         0x000000000380109c        0x4 
 .text._ZN5Drive20get_absolute_headingEv
                0x00000000038010a0       0x48 build/src/JAR-Template/drive.o
                0x00000000038010a0                Drive::get_absolute_heading()
 .text._ZN5Drive27get_ForwardTracker_positionEv
                0x00000000038010e8       0xa0 build/src/JAR-Template/drive.o
                0x00000000038010e8                Drive::get_ForwardTracker_position()
 .text._ZN5Drive28get_SidewaysTracker_positionEv
                0x0000000003801188       0x88 build/src/JAR-Template/drive.o
                0x0000000003801188                Drive::get_SidewaysTracker_position()
 .text._ZN5Drive14position_trackEv
                0x0000000003801210       0x88 build/src/JAR-Template/drive.o
                0x0000000003801210                Drive::position_track()
 .text._ZN5Drive15set_coordinatesEfff
                0x0000000003801298       0xb0 build/src/JAR-Template/drive.o
                0x0000000003801298                Drive::set_coordinates(float, float, float)
 .text._ZN5Drive19position_track_taskEv
                0x0000000003801348       0x14 build/src/JAR-Template/drive.o
                0x0000000003801348                Drive::position_track_task()
 .text._ZN5Drive14control_arcadeEv
                0x000000000380135c      0x114 build/src/JAR-Template/drive.o
                0x000000000380135c                Drive::control_arcade()
 .text._ZN4Odom22set_physical_distancesEff
                0x0000000003801470        0x8 build/src/JAR-Template/odom.o
                0x0000000003801470                Odom::set_physical_distances(float, float)
 .text._ZN4Odom12set_positionEfffff
                0x0000000003801478       0x1c build/src/JAR-Template/odom.o
                0x0000000003801478                Odom::set_position(float, float, float, float, float)
 .text._ZN4Odom15update_positionEfff
                0x0000000003801494      0x1a4 build/src/JAR-Template/odom.o
                0x0000000003801494                Odom::update_position(float, float, float)
 .text._Z15reduce_0_to_360f
                0x0000000003801638       0x7c build/src/JAR-Template/util.o
                0x0000000003801638                reduce_0_to_360(float)
 *fill*         0x00000000038016b4        0x4 
 .text._Z6to_radf
                0x00000000038016b8       0x28 build/src/JAR-Template/util.o
                0x00000000038016b8                to_rad(float)
 .text._Z11is_reversedd
                0x00000000038016e0       0x18 build/src/JAR-Template/util.o
                0x00000000038016e0                is_reversed(double)
 .text._Z7to_voltf
                0x00000000038016f8       0x30 build/src/JAR-Template/util.o
                0x00000000038016f8                to_volt(float)
 .text._Z7to_porti
                0x0000000003801728       0x10 build/src/JAR-Template/util.o
                0x0000000003801728                to_port(int)
 .text._Z8deadbandff
                0x0000000003801738       0x28 build/src/JAR-Template/util.o
                0x0000000003801738                deadband(float, float)
 .text.vexMain  0x0000000003801760       0xb0 /Applications/VEXcode Pro V5.app/Contents/Resources/sdk/vexv5/libv5rt.a(v5_startup.c.obj)
                0x0000000003801760                vexMain
 .text.__vex_function_prolog
                0x0000000003801810       0x18 /Applications/VEXcode Pro V5.app/Contents/Resources/sdk/vexv5/libv5rt.a(v5_startup.c.obj)
                0x0000000003801810                __vex_function_prolog
 .text._init    0x0000000003801828        0x4 /Applications/VEXcode Pro V5.app/Contents/Resources/sdk/vexv5/libv5rt.a(v5_startup.c.obj)
                0x0000000003801828                _init
 .text._fini    0x000000000380182c        0x4 /Applications/VEXcode Pro V5.app/Contents/Resources/sdk/vexv5/libv5rt.a(v5_startup.c.obj)
                0x000000000380182c                _fini
 .text.vexStdlibVersionLinked
                0x0000000003801830        0xc /Applications/VEXcode Pro V5.app/Contents/Resources/sdk/vexv5/libv5rt.a(v5_util.c.obj)
                0x0000000003801830                vexStdlibVersionLinked
 .text.vexStdlibVersionVerify
                0x000000000380183c       0x30 /Applications/VEXcode Pro V5.app/Contents/Resources/sdk/vexv5/libv5rt.a(v5_util.c.obj)
                0x000000000380183c                vexStdlibVersionVerify
 .text.vexPrivateApiEnable
                0x000000000380186c       0x10 /Applications/VEXcode Pro V5.app/Contents/Resources/sdk/vexv5/libv5rt.a(v5_apijump.c.obj)
                0x000000000380186c                vexPrivateApiEnable
 .text.vexStdlibMismatchError
                0x000000000380187c       0x3c /Applications/VEXcode Pro V5.app/Contents/Resources/sdk/vexv5/libv5rt.a(v5_apijump.c.obj)
                0x000000000380187c                vexStdlibMismatchError
 .text.vexTaskAdd
                0x00000000038018b8       0x10 /Applications/VEXcode Pro V5.app/Contents/Resources/sdk/vexv5/libv5rt.a(v5_apijump.c.obj)
                0x00000000038018b8                vexTaskAdd
 .text.vexTasksRun
                0x00000000038018c8       0x10 /Applications/VEXcode Pro V5.app/Contents/Resources/sdk/vexv5/libv5rt.a(v5_apijump.c.obj)
                0x00000000038018c8                vexTasksRun
 .text.vexTaskYield
                0x00000000038018d8       0x10 /Applications/VEXcode Pro V5.app/Contents/Resources/sdk/vexv5/libv5rt.a(v5_apijump.c.obj)
                0x00000000038018d8                vexTaskYield
 .text.vexTaskCheckTimeslice
                0x00000000038018e8       0x10 /Applications/VEXcode Pro V5.app/Contents/Resources/sdk/vexv5/libv5rt.a(v5_apijump.c.obj)
                0x00000000038018e8                vexTaskCheckTimeslice
 .text.vexTaskGetIndex
                0x00000000038018f8       0x10 /Applications/VEXcode Pro V5.app/Contents/Resources/sdk/vexv5/libv5rt.a(v5_apijump.c.obj)
                0x00000000038018f8                vexTaskGetIndex
 .text.vexTaskSleep
                0x0000000003801908       0x10 /Applications/VEXcode Pro V5.app/Contents/Resources/sdk/vexv5/libv5rt.a(v5_apijump.c.obj)
                0x0000000003801908                vexTaskSleep
 .text.vexTasksDump
                0x0000000003801918       0x1c /Applications/VEXcode Pro V5.app/Contents/Resources/sdk/vexv5/libv5rt.a(v5_apijump.c.obj)
                0x0000000003801918                vexTasksDump
 .text.vexTaskGetTaskIndex
                0x0000000003801934       0x10 /Applications/VEXcode Pro V5.app/Contents/Resources/sdk/vexv5/libv5rt.a(v5_apijump.c.obj)
                0x0000000003801934                vexTaskGetTaskIndex
 .text.vexTaskStopAll
                0x0000000003801944       0x10 /Applications/VEXcode Pro V5.app/Contents/Resources/sdk/vexv5/libv5rt.a(v5_apijump.c.obj)
                0x0000000003801944                vexTaskStopAll
 .text.vexTaskRemoveAllUser
                0x0000000003801954       0x34 /Applications/VEXcode Pro V5.app/Contents/Resources/sdk/vexv5/libv5rt.a(v5_apijump.c.obj)
                0x0000000003801954                vexTaskRemoveAllUser
 .text.vexTaskCompletionIdSet
                0x0000000003801988       0x10 /Applications/VEXcode Pro V5.app/Contents/Resources/sdk/vexv5/libv5rt.a(v5_apijump.c.obj)
                0x0000000003801988                vexTaskCompletionIdSet
 .text.vexTaskStopWithId
                0x0000000003801998       0x10 /Applications/VEXcode Pro V5.app/Contents/Resources/sdk/vexv5/libv5rt.a(v5_apijump.c.obj)
                0x0000000003801998                vexTaskStopWithId
 .text.vexTaskGetCallbackAndId
                0x00000000038019a8       0x54 /Applications/VEXcode Pro V5.app/Contents/Resources/sdk/vexv5/libv5rt.a(v5_apijump.c.obj)
                0x00000000038019a8                vexTaskGetCallbackAndId
 .text.vexCriticalSection
                0x00000000038019fc       0x2c /Applications/VEXcode Pro V5.app/Contents/Resources/sdk/vexv5/libv5rt.a(v5_apijump.c.obj)
                0x00000000038019fc                vexCriticalSection
 .text.vexEventAdd
                0x0000000003801a28       0x34 /Applications/VEXcode Pro V5.app/Contents/Resources/sdk/vexv5/libv5rt.a(v5_apijump.c.obj)
                0x0000000003801a28                vexEventAdd
 .text.vexEventUserIndexGet
                0x0000000003801a5c       0x1c /Applications/VEXcode Pro V5.app/Contents/Resources/sdk/vexv5/libv5rt.a(v5_apijump.c.obj)
                0x0000000003801a5c                vexEventUserIndexGet
 .text.vexEventAddWithArg
                0x0000000003801a78       0x3c /Applications/VEXcode Pro V5.app/Contents/Resources/sdk/vexv5/libv5rt.a(v5_apijump.c.obj)
                0x0000000003801a78                vexEventAddWithArg
 .text.vexEventsCleanup
                0x0000000003801ab4       0x2c /Applications/VEXcode Pro V5.app/Contents/Resources/sdk/vexv5/libv5rt.a(v5_apijump.c.obj)
                0x0000000003801ab4                vexEventsCleanup
 .text.vexDebug
                0x0000000003801ae0       0x38 /Applications/VEXcode Pro V5.app/Contents/Resources/sdk/vexv5/libv5rt.a(v5_apijump.c.obj)
                0x0000000003801ae0                vexDebug
 .text.vex_sprintf
                0x0000000003801b18       0x40 /Applications/VEXcode Pro V5.app/Contents/Resources/sdk/vexv5/libv5rt.a(v5_apijump.c.obj)
                0x0000000003801b18                vex_sprintf
 .text.vexSystemTimeGet
                0x0000000003801b58       0x1c /Applications/VEXcode Pro V5.app/Contents/Resources/sdk/vexv5/libv5rt.a(v5_apijump.c.obj)
                0x0000000003801b58                vexSystemTimeGet
 .text.vexSystemExitRequest
                0x0000000003801b74       0x1c /Applications/VEXcode Pro V5.app/Contents/Resources/sdk/vexv5/libv5rt.a(v5_apijump.c.obj)
                0x0000000003801b74                vexSystemExitRequest
 .text.vexDeviceGetByIndex
                0x0000000003801b90       0x24 /Applications/VEXcode Pro V5.app/Contents/Resources/sdk/vexv5/libv5rt.a(v5_apijump.c.obj)
                0x0000000003801b90                vexDeviceGetByIndex
 .text.vexControllerGet
                0x0000000003801bb4       0x2c /Applications/VEXcode Pro V5.app/Contents/Resources/sdk/vexv5/libv5rt.a(v5_apijump.c.obj)
                0x0000000003801bb4                vexControllerGet
 .text.vexDeviceAdiPortConfigSet
                0x0000000003801be0       0x34 /Applications/VEXcode Pro V5.app/Contents/Resources/sdk/vexv5/libv5rt.a(v5_apijump.c.obj)
                0x0000000003801be0                vexDeviceAdiPortConfigSet
 .text.vexDeviceAdiPortConfigGet
                0x0000000003801c14       0x2c /Applications/VEXcode Pro V5.app/Contents/Resources/sdk/vexv5/libv5rt.a(v5_apijump.c.obj)
                0x0000000003801c14                vexDeviceAdiPortConfigGet
 .text.vexDeviceAdiValueSet
                0x0000000003801c40       0x34 /Applications/VEXcode Pro V5.app/Contents/Resources/sdk/vexv5/libv5rt.a(v5_apijump.c.obj)
                0x0000000003801c40                vexDeviceAdiValueSet
 .text.vexDeviceAdiValueGet
                0x0000000003801c74       0x2c /Applications/VEXcode Pro V5.app/Contents/Resources/sdk/vexv5/libv5rt.a(v5_apijump.c.obj)
                0x0000000003801c74                vexDeviceAdiValueGet
 .text.vexDeviceMotorVelocitySet
                0x0000000003801ca0       0x2c /Applications/VEXcode Pro V5.app/Contents/Resources/sdk/vexv5/libv5rt.a(v5_apijump.c.obj)
                0x0000000003801ca0                vexDeviceMotorVelocitySet
 .text.vexDeviceMotorVoltageSet
                0x0000000003801ccc       0x2c /Applications/VEXcode Pro V5.app/Contents/Resources/sdk/vexv5/libv5rt.a(v5_apijump.c.obj)
                0x0000000003801ccc                vexDeviceMotorVoltageSet
 .text.vexDeviceMotorVelocityGet
                0x0000000003801cf8       0x24 /Applications/VEXcode Pro V5.app/Contents/Resources/sdk/vexv5/libv5rt.a(v5_apijump.c.obj)
                0x0000000003801cf8                vexDeviceMotorVelocityGet
 .text.vexDeviceMotorActualVelocityGet
                0x0000000003801d1c       0x24 /Applications/VEXcode Pro V5.app/Contents/Resources/sdk/vexv5/libv5rt.a(v5_apijump.c.obj)
                0x0000000003801d1c                vexDeviceMotorActualVelocityGet
 .text.vexDeviceMotorModeGet
                0x0000000003801d40       0x24 /Applications/VEXcode Pro V5.app/Contents/Resources/sdk/vexv5/libv5rt.a(v5_apijump.c.obj)
                0x0000000003801d40                vexDeviceMotorModeGet
 .text.vexDeviceMotorZeroPositionFlagGet
                0x0000000003801d64       0x24 /Applications/VEXcode Pro V5.app/Contents/Resources/sdk/vexv5/libv5rt.a(v5_apijump.c.obj)
                0x0000000003801d64                vexDeviceMotorZeroPositionFlagGet
 .text.vexDeviceMotorReverseFlagSet
                0x0000000003801d88       0x2c /Applications/VEXcode Pro V5.app/Contents/Resources/sdk/vexv5/libv5rt.a(v5_apijump.c.obj)
                0x0000000003801d88                vexDeviceMotorReverseFlagSet
 .text.vexDeviceMotorEncoderUnitsSet
                0x0000000003801db4       0x2c /Applications/VEXcode Pro V5.app/Contents/Resources/sdk/vexv5/libv5rt.a(v5_apijump.c.obj)
                0x0000000003801db4                vexDeviceMotorEncoderUnitsSet
 .text.vexDeviceMotorBrakeModeSet
                0x0000000003801de0       0x2c /Applications/VEXcode Pro V5.app/Contents/Resources/sdk/vexv5/libv5rt.a(v5_apijump.c.obj)
                0x0000000003801de0                vexDeviceMotorBrakeModeSet
 .text.vexDeviceMotorPositionSet
                0x0000000003801e0c       0x34 /Applications/VEXcode Pro V5.app/Contents/Resources/sdk/vexv5/libv5rt.a(v5_apijump.c.obj)
                0x0000000003801e0c                vexDeviceMotorPositionSet
 .text.vexDeviceMotorPositionGet
                0x0000000003801e40       0x24 /Applications/VEXcode Pro V5.app/Contents/Resources/sdk/vexv5/libv5rt.a(v5_apijump.c.obj)
                0x0000000003801e40                vexDeviceMotorPositionGet
 .text.vexDeviceMotorAbsoluteTargetSet
                0x0000000003801e64       0x3c /Applications/VEXcode Pro V5.app/Contents/Resources/sdk/vexv5/libv5rt.a(v5_apijump.c.obj)
                0x0000000003801e64                vexDeviceMotorAbsoluteTargetSet
 .text.vexDeviceMotorGearingSet
                0x0000000003801ea0       0x2c /Applications/VEXcode Pro V5.app/Contents/Resources/sdk/vexv5/libv5rt.a(v5_apijump.c.obj)
                0x0000000003801ea0                vexDeviceMotorGearingSet
 .text.vexDeviceMotorGearingGet
                0x0000000003801ecc       0x24 /Applications/VEXcode Pro V5.app/Contents/Resources/sdk/vexv5/libv5rt.a(v5_apijump.c.obj)
                0x0000000003801ecc                vexDeviceMotorGearingGet
 .text.vexDeviceImuReset
                0x0000000003801ef0       0x24 /Applications/VEXcode Pro V5.app/Contents/Resources/sdk/vexv5/libv5rt.a(v5_apijump.c.obj)
                0x0000000003801ef0                vexDeviceImuReset
 .text.vexDeviceImuHeadingGet
                0x0000000003801f14       0x24 /Applications/VEXcode Pro V5.app/Contents/Resources/sdk/vexv5/libv5rt.a(v5_apijump.c.obj)
                0x0000000003801f14                vexDeviceImuHeadingGet
 .text.vexDeviceImuDegreesGet
                0x0000000003801f38       0x24 /Applications/VEXcode Pro V5.app/Contents/Resources/sdk/vexv5/libv5rt.a(v5_apijump.c.obj)
                0x0000000003801f38                vexDeviceImuDegreesGet
 .text.vexDeviceImuStatusGet
                0x0000000003801f5c       0x24 /Applications/VEXcode Pro V5.app/Contents/Resources/sdk/vexv5/libv5rt.a(v5_apijump.c.obj)
                0x0000000003801f5c                vexDeviceImuStatusGet
 .text.vexDeviceAbsEncPositionGet
                0x0000000003801f80       0x24 /Applications/VEXcode Pro V5.app/Contents/Resources/sdk/vexv5/libv5rt.a(v5_apijump.c.obj)
                0x0000000003801f80                vexDeviceAbsEncPositionGet
 .text.vexDeviceAbsEncAngleGet
                0x0000000003801fa4       0x24 /Applications/VEXcode Pro V5.app/Contents/Resources/sdk/vexv5/libv5rt.a(v5_apijump.c.obj)
                0x0000000003801fa4                vexDeviceAbsEncAngleGet
 .text.vexDeviceAbsEncReverseFlagSet
                0x0000000003801fc8       0x2c /Applications/VEXcode Pro V5.app/Contents/Resources/sdk/vexv5/libv5rt.a(v5_apijump.c.obj)
                0x0000000003801fc8                vexDeviceAbsEncReverseFlagSet
 .text.vexDeviceOpticalHueGet
                0x0000000003801ff4       0x24 /Applications/VEXcode Pro V5.app/Contents/Resources/sdk/vexv5/libv5rt.a(v5_apijump.c.obj)
                0x0000000003801ff4                vexDeviceOpticalHueGet
 .text.vexDeviceOpticalLedPwmSet
                0x0000000003802018       0x2c /Applications/VEXcode Pro V5.app/Contents/Resources/sdk/vexv5/libv5rt.a(v5_apijump.c.obj)
                0x0000000003802018                vexDeviceOpticalLedPwmSet
 .text.vexDeviceOpticalGestureEnable
                0x0000000003802044       0x24 /Applications/VEXcode Pro V5.app/Contents/Resources/sdk/vexv5/libv5rt.a(v5_apijump.c.obj)
                0x0000000003802044                vexDeviceOpticalGestureEnable
 .text.vexDeviceOpticalGestureDisable
                0x0000000003802068       0x24 /Applications/VEXcode Pro V5.app/Contents/Resources/sdk/vexv5/libv5rt.a(v5_apijump.c.obj)
                0x0000000003802068                vexDeviceOpticalGestureDisable
 .text.vexDeviceOpticalProximityThreshold
                0x000000000380208c       0x2c /Applications/VEXcode Pro V5.app/Contents/Resources/sdk/vexv5/libv5rt.a(v5_apijump.c.obj)
                0x000000000380208c                vexDeviceOpticalProximityThreshold
 .text.vexDisplayForegroundColor
                0x00000000038020b8       0x24 /Applications/VEXcode Pro V5.app/Contents/Resources/sdk/vexv5/libv5rt.a(v5_apijump.c.obj)
                0x00000000038020b8                vexDisplayForegroundColor
 .text.vexDisplayBackgroundColor
                0x00000000038020dc       0x24 /Applications/VEXcode Pro V5.app/Contents/Resources/sdk/vexv5/libv5rt.a(v5_apijump.c.obj)
                0x00000000038020dc                vexDisplayBackgroundColor
 .text.vexDisplayBackgroundColorGet
                0x0000000003802100       0x1c /Applications/VEXcode Pro V5.app/Contents/Resources/sdk/vexv5/libv5rt.a(v5_apijump.c.obj)
                0x0000000003802100                vexDisplayBackgroundColorGet
 .text.vexDisplayRectClear
                0x000000000380211c       0x4c /Applications/VEXcode Pro V5.app/Contents/Resources/sdk/vexv5/libv5rt.a(v5_apijump.c.obj)
                0x000000000380211c                vexDisplayRectClear
 .text.vexDisplayVPrintf
                0x0000000003802168       0x50 /Applications/VEXcode Pro V5.app/Contents/Resources/sdk/vexv5/libv5rt.a(v5_apijump.c.obj)
                0x0000000003802168                vexDisplayVPrintf
 .text.vexDisplayTextReference
                0x00000000038021b8       0x24 /Applications/VEXcode Pro V5.app/Contents/Resources/sdk/vexv5/libv5rt.a(v5_apijump.c.obj)
                0x00000000038021b8                vexDisplayTextReference
 .text.vexDisplayTextSize
                0x00000000038021dc       0x2c /Applications/VEXcode Pro V5.app/Contents/Resources/sdk/vexv5/libv5rt.a(v5_apijump.c.obj)
                0x00000000038021dc                vexDisplayTextSize
 .text.vexDisplayFontNamedSet
                0x0000000003802208       0x24 /Applications/VEXcode Pro V5.app/Contents/Resources/sdk/vexv5/libv5rt.a(v5_apijump.c.obj)
                0x0000000003802208                vexDisplayFontNamedSet
 .text.vexSystemStdlibImpureDataAddr
                0x000000000380222c       0x28 /Applications/VEXcode Pro V5.app/Contents/Resources/sdk/vexv5/libv5rt.a(v5_apijump.c.obj)
                0x000000000380222c                vexSystemStdlibImpureDataAddr
 .text.vexSystemStdlibImpureDataSize
                0x0000000003802254       0x28 /Applications/VEXcode Pro V5.app/Contents/Resources/sdk/vexv5/libv5rt.a(v5_apijump.c.obj)
                0x0000000003802254                vexSystemStdlibImpureDataSize
 .text.vexSystemSaveUserData
                0x000000000380227c       0x3c /Applications/VEXcode Pro V5.app/Contents/Resources/sdk/vexv5/libv5rt.a(v5_apijump.c.obj)
                0x000000000380227c                vexSystemSaveUserData
 .text.vexTouchDataGet
                0x00000000038022b8       0x10 /Applications/VEXcode Pro V5.app/Contents/Resources/sdk/vexv5/libv5rt.a(v5_apijump.c.obj)
                0x00000000038022b8                vexTouchDataGet
 .text.vexDisplayThemeIdGet
                0x00000000038022c8       0x38 /Applications/VEXcode Pro V5.app/Contents/Resources/sdk/vexv5/libv5rt.a(v5_apijump.c.obj)
                0x00000000038022c8                vexDisplayThemeIdGet
 .text.vexBatteryCapacityGet
                0x0000000003802300       0x1c /Applications/VEXcode Pro V5.app/Contents/Resources/sdk/vexv5/libv5rt.a(v5_apijump.c.obj)
                0x0000000003802300                vexBatteryCapacityGet
 .text.vexDeviceEventMaskSet
                0x000000000380231c       0x48 /Applications/VEXcode Pro V5.app/Contents/Resources/sdk/vexv5/libv5rt.a(v5_apijump.c.obj)
                0x000000000380231c                vexDeviceEventMaskSet
 .text.vexDeviceEventMaskGet
                0x0000000003802364       0x3c /Applications/VEXcode Pro V5.app/Contents/Resources/sdk/vexv5/libv5rt.a(v5_apijump.c.obj)
                0x0000000003802364                vexDeviceEventMaskGet
 .text.vexSystemVersion
                0x00000000038023a0       0x10 /Applications/VEXcode Pro V5.app/Contents/Resources/sdk/vexv5/libv5rt.a(v5_apiversions.c.obj)
                0x00000000038023a0                vexSystemVersion
 .text.vexStdlibVersion
                0x00000000038023b0       0x10 /Applications/VEXcode Pro V5.app/Contents/Resources/sdk/vexv5/libv5rt.a(v5_apiversions.c.obj)
                0x00000000038023b0                vexStdlibVersion
 .text._ZN3vex4waitEdNS_9timeUnitsE
                0x00000000038023c0       0x30 /Applications/VEXcode Pro V5.app/Contents/Resources/sdk/vexv5/libv5rt.a(vex_global.cpp.obj)
                0x00000000038023c0                vex::wait(double, vex::timeUnits)
 .text._ZN3vex5motorD2Ev
                0x00000000038023f0       0x20 /Applications/VEXcode Pro V5.app/Contents/Resources/sdk/vexv5/libv5rt.a(vex_motor.cpp.obj)
                0x00000000038023f0                vex::motor::~motor()
                0x00000000038023f0                vex::motor::~motor()
 .text._ZN3vex5motorD0Ev
                0x0000000003802410       0x1c /Applications/VEXcode Pro V5.app/Contents/Resources/sdk/vexv5/libv5rt.a(vex_motor.cpp.obj)
                0x0000000003802410                vex::motor::~motor()
 .text._ZN3vex5motor9installedEv
                0x000000000380242c       0x18 /Applications/VEXcode Pro V5.app/Contents/Resources/sdk/vexv5/libv5rt.a(vex_motor.cpp.obj)
                0x000000000380242c                vex::motor::installed()
 .text._ZN3vex5motor15defaultStoppingENS_9brakeTypeE
                0x0000000003802444       0x30 /Applications/VEXcode Pro V5.app/Contents/Resources/sdk/vexv5/libv5rt.a(vex_motor.cpp.obj)
                0x0000000003802444                vex::motor::defaultStopping(vex::brakeType)
 .text._ZN3vex5motorC2El
                0x0000000003802474       0x78 /Applications/VEXcode Pro V5.app/Contents/Resources/sdk/vexv5/libv5rt.a(vex_motor.cpp.obj)
                0x0000000003802474                vex::motor::motor(long)
                0x0000000003802474                vex::motor::motor(long)
 .text._ZN3vex5motorC2ElNS_11gearSettingEb
                0x00000000038024ec       0x34 /Applications/VEXcode Pro V5.app/Contents/Resources/sdk/vexv5/libv5rt.a(vex_motor.cpp.obj)
                0x00000000038024ec                vex::motor::motor(long, vex::gearSetting, bool)
                0x00000000038024ec                vex::motor::motor(long, vex::gearSetting, bool)
 .text._ZN3vex5motorC2Elb
                0x0000000003802520       0x24 /Applications/VEXcode Pro V5.app/Contents/Resources/sdk/vexv5/libv5rt.a(vex_motor.cpp.obj)
                0x0000000003802520                vex::motor::motor(long, bool)
                0x0000000003802520                vex::motor::motor(long, bool)
 *fill*         0x0000000003802544        0x4 
 .text._ZN3vex5motor4spinENS_13directionTypeEdNS_12voltageUnitsE
                0x0000000003802548       0x50 /Applications/VEXcode Pro V5.app/Contents/Resources/sdk/vexv5/libv5rt.a(vex_motor.cpp.obj)
                0x0000000003802548                vex::motor::spin(vex::directionType, double, vex::voltageUnits)
 .text._ZN3vex5motor14isSpinningModeEv
                0x0000000003802598       0x48 /Applications/VEXcode Pro V5.app/Contents/Resources/sdk/vexv5/libv5rt.a(vex_motor.cpp.obj)
                0x0000000003802598                vex::motor::isSpinningMode()
 .text._ZN3vex5motor4stopENS_9brakeTypeE
                0x00000000038025e0       0x30 /Applications/VEXcode Pro V5.app/Contents/Resources/sdk/vexv5/libv5rt.a(vex_motor.cpp.obj)
                0x00000000038025e0                vex::motor::stop(vex::brakeType)
 .text._ZN3vex5motor4stopEv
                0x0000000003802610        0x8 /Applications/VEXcode Pro V5.app/Contents/Resources/sdk/vexv5/libv5rt.a(vex_motor.cpp.obj)
                0x0000000003802610                vex::motor::stop()
 .text._ZN3vex5motor16velocityToScaledEdNS_13velocityUnitsE
                0x0000000003802618       0x5c /Applications/VEXcode Pro V5.app/Contents/Resources/sdk/vexv5/libv5rt.a(vex_motor.cpp.obj)
                0x0000000003802618                vex::motor::velocityToScaled(double, vex::velocityUnits)
 .text._ZN3vex5motor8velocityENS_13velocityUnitsE
                0x0000000003802674       0x30 /Applications/VEXcode Pro V5.app/Contents/Resources/sdk/vexv5/libv5rt.a(vex_motor.cpp.obj)
                0x0000000003802674                vex::motor::velocity(vex::velocityUnits)
 .text._ZN3vex5motor5valueEv
                0x00000000038026a4       0x1c /Applications/VEXcode Pro V5.app/Contents/Resources/sdk/vexv5/libv5rt.a(vex_motor.cpp.obj)
                0x00000000038026a4                vex::motor::value()
 .text._ZN3vex5motor16scaledToVelocityEdNS_13velocityUnitsE
                0x00000000038026c0       0xa4 /Applications/VEXcode Pro V5.app/Contents/Resources/sdk/vexv5/libv5rt.a(vex_motor.cpp.obj)
                0x00000000038026c0                vex::motor::scaledToVelocity(double, vex::velocityUnits)
 .text._ZN3vex5motor4spinENS_13directionTypeEdNS_13velocityUnitsE
                0x0000000003802764       0x5c /Applications/VEXcode Pro V5.app/Contents/Resources/sdk/vexv5/libv5rt.a(vex_motor.cpp.obj)
                0x0000000003802764                vex::motor::spin(vex::directionType, double, vex::velocityUnits)
 .text._ZN3vex5motor16setRotationUnitsENS_13rotationUnitsE
                0x00000000038027c0       0x1c /Applications/VEXcode Pro V5.app/Contents/Resources/sdk/vexv5/libv5rt.a(vex_motor.cpp.obj)
                0x00000000038027c0                vex::motor::setRotationUnits(vex::rotationUnits)
 .text._ZN3vex5motor6spinToEdNS_13rotationUnitsEdNS_13velocityUnitsEb
                0x00000000038027dc       0xe0 /Applications/VEXcode Pro V5.app/Contents/Resources/sdk/vexv5/libv5rt.a(vex_motor.cpp.obj)
                0x00000000038027dc                vex::motor::spinTo(double, vex::rotationUnits, double, vex::velocityUnits, bool)
 .text._ZN3vex5motor14spinToPositionEdNS_13rotationUnitsEb
                0x00000000038028bc       0x34 /Applications/VEXcode Pro V5.app/Contents/Resources/sdk/vexv5/libv5rt.a(vex_motor.cpp.obj)
                0x00000000038028bc                vex::motor::spinToPosition(double, vex::rotationUnits, bool)
 .text._ZN3vex5motor8positionENS_13rotationUnitsE
                0x00000000038028f0       0x44 /Applications/VEXcode Pro V5.app/Contents/Resources/sdk/vexv5/libv5rt.a(vex_motor.cpp.obj)
                0x00000000038028f0                vex::motor::position(vex::rotationUnits)
 .text._ZN3vex8inertial11getTurnTypeEv
                0x0000000003802934        0x8 /Applications/VEXcode Pro V5.app/Contents/Resources/sdk/vexv5/libv5rt.a(vex_imu.cpp.obj)
                0x0000000003802934                vex::inertial::getTurnType()
 .text._ZThn16_N3vex8inertial11getTurnTypeEv
                0x000000000380293c        0x8 /Applications/VEXcode Pro V5.app/Contents/Resources/sdk/vexv5/libv5rt.a(vex_imu.cpp.obj)
                0x000000000380293c                non-virtual thunk to vex::inertial::getTurnType()
 *fill*         0x0000000003802944        0x4 
 .text._ZN3vex8inertial10setHeadingEdNS_13rotationUnitsE
                0x0000000003802948       0x58 /Applications/VEXcode Pro V5.app/Contents/Resources/sdk/vexv5/libv5rt.a(vex_imu.cpp.obj)
                0x0000000003802948                vex::inertial::setHeading(double, vex::rotationUnits)
 .text._ZThn16_N3vex8inertial10setHeadingEdNS_13rotationUnitsE
                0x00000000038029a0        0x8 /Applications/VEXcode Pro V5.app/Contents/Resources/sdk/vexv5/libv5rt.a(vex_imu.cpp.obj)
                0x00000000038029a0                non-virtual thunk to vex::inertial::setHeading(double, vex::rotationUnits)
 .text._ZN3vex8inertial11setRotationEdNS_13rotationUnitsE
                0x00000000038029a8       0x58 /Applications/VEXcode Pro V5.app/Contents/Resources/sdk/vexv5/libv5rt.a(vex_imu.cpp.obj)
                0x00000000038029a8                vex::inertial::setRotation(double, vex::rotationUnits)
 .text._ZThn16_N3vex8inertial11setRotationEdNS_13rotationUnitsE
                0x0000000003802a00        0x8 /Applications/VEXcode Pro V5.app/Contents/Resources/sdk/vexv5/libv5rt.a(vex_imu.cpp.obj)
                0x0000000003802a00                non-virtual thunk to vex::inertial::setRotation(double, vex::rotationUnits)
 .text._ZN3vex8inertialD2Ev
                0x0000000003802a08       0x20 /Applications/VEXcode Pro V5.app/Contents/Resources/sdk/vexv5/libv5rt.a(vex_imu.cpp.obj)
                0x0000000003802a08                vex::inertial::~inertial()
                0x0000000003802a08                vex::inertial::~inertial()
 .text._ZThn16_N3vex8inertialD1Ev
                0x0000000003802a28        0x8 /Applications/VEXcode Pro V5.app/Contents/Resources/sdk/vexv5/libv5rt.a(vex_imu.cpp.obj)
                0x0000000003802a28                non-virtual thunk to vex::inertial::~inertial()
 .text._ZN3vex8inertialD0Ev
                0x0000000003802a30       0x1c /Applications/VEXcode Pro V5.app/Contents/Resources/sdk/vexv5/libv5rt.a(vex_imu.cpp.obj)
                0x0000000003802a30                vex::inertial::~inertial()
 .text._ZThn16_N3vex8inertialD0Ev
                0x0000000003802a4c        0x8 /Applications/VEXcode Pro V5.app/Contents/Resources/sdk/vexv5/libv5rt.a(vex_imu.cpp.obj)
                0x0000000003802a4c                non-virtual thunk to vex::inertial::~inertial()
 .text._ZN3vex8inertial9installedEv
                0x0000000003802a54       0x18 /Applications/VEXcode Pro V5.app/Contents/Resources/sdk/vexv5/libv5rt.a(vex_imu.cpp.obj)
                0x0000000003802a54                vex::inertial::installed()
 .text._ZN3vex8inertial5angleENS_13rotationUnitsE
                0x0000000003802a6c       0x6c /Applications/VEXcode Pro V5.app/Contents/Resources/sdk/vexv5/libv5rt.a(vex_imu.cpp.obj)
                0x0000000003802a6c                vex::inertial::angle(vex::rotationUnits)
 .text._ZThn16_N3vex8inertial5angleENS_13rotationUnitsE
                0x0000000003802ad8        0x8 /Applications/VEXcode Pro V5.app/Contents/Resources/sdk/vexv5/libv5rt.a(vex_imu.cpp.obj)
                0x0000000003802ad8                non-virtual thunk to vex::inertial::angle(vex::rotationUnits)
 .text._ZN3vex8inertial7headingENS_13rotationUnitsE
                0x0000000003802ae0        0x4 /Applications/VEXcode Pro V5.app/Contents/Resources/sdk/vexv5/libv5rt.a(vex_imu.cpp.obj)
                0x0000000003802ae0                vex::inertial::heading(vex::rotationUnits)
 .text._ZThn16_N3vex8inertial7headingENS_13rotationUnitsE
                0x0000000003802ae4        0x8 /Applications/VEXcode Pro V5.app/Contents/Resources/sdk/vexv5/libv5rt.a(vex_imu.cpp.obj)
                0x0000000003802ae4                non-virtual thunk to vex::inertial::heading(vex::rotationUnits)
 .text._ZN3vex8inertial5valueEv
                0x0000000003802aec       0x1c /Applications/VEXcode Pro V5.app/Contents/Resources/sdk/vexv5/libv5rt.a(vex_imu.cpp.obj)
                0x0000000003802aec                vex::inertial::value()
 .text._ZN3vex8inertial8rotationENS_13rotationUnitsE
                0x0000000003802b08       0x48 /Applications/VEXcode Pro V5.app/Contents/Resources/sdk/vexv5/libv5rt.a(vex_imu.cpp.obj)
                0x0000000003802b08                vex::inertial::rotation(vex::rotationUnits)
 .text._ZThn16_N3vex8inertial8rotationENS_13rotationUnitsE
                0x0000000003802b50        0x8 /Applications/VEXcode Pro V5.app/Contents/Resources/sdk/vexv5/libv5rt.a(vex_imu.cpp.obj)
                0x0000000003802b50                non-virtual thunk to vex::inertial::rotation(vex::rotationUnits)
 .text._ZN3vex8inertial13isCalibratingEv
                0x0000000003802b58       0x38 /Applications/VEXcode Pro V5.app/Contents/Resources/sdk/vexv5/libv5rt.a(vex_imu.cpp.obj)
                0x0000000003802b58                vex::inertial::isCalibrating()
 .text._ZThn16_N3vex8inertial13isCalibratingEv
                0x0000000003802b90        0x8 /Applications/VEXcode Pro V5.app/Contents/Resources/sdk/vexv5/libv5rt.a(vex_imu.cpp.obj)
                0x0000000003802b90                non-virtual thunk to vex::inertial::isCalibrating()
 .text._ZN3vex8inertialC2ElNS_8turnTypeE
                0x0000000003802b98       0x4c /Applications/VEXcode Pro V5.app/Contents/Resources/sdk/vexv5/libv5rt.a(vex_imu.cpp.obj)
                0x0000000003802b98                vex::inertial::inertial(long, vex::turnType)
                0x0000000003802b98                vex::inertial::inertial(long, vex::turnType)
 .text._ZN3vex8inertial16startCalibrationEl
                0x0000000003802be4       0x20 /Applications/VEXcode Pro V5.app/Contents/Resources/sdk/vexv5/libv5rt.a(vex_imu.cpp.obj)
                0x0000000003802be4                vex::inertial::startCalibration(long)
 .text._ZN3vex8inertial9calibrateEl
                0x0000000003802c04        0xc /Applications/VEXcode Pro V5.app/Contents/Resources/sdk/vexv5/libv5rt.a(vex_imu.cpp.obj)
                0x0000000003802c04                vex::inertial::calibrate(long)
                0x0000000003802c08                non-virtual thunk to vex::inertial::calibrate(long)
 .text._ZN3vex8rotationD2Ev
                0x0000000003802c10       0x20 /Applications/VEXcode Pro V5.app/Contents/Resources/sdk/vexv5/libv5rt.a(vex_rotation.cpp.obj)
                0x0000000003802c10                vex::rotation::~rotation()
                0x0000000003802c10                vex::rotation::~rotation()
 .text._ZN3vex8rotationD0Ev
                0x0000000003802c30       0x1c /Applications/VEXcode Pro V5.app/Contents/Resources/sdk/vexv5/libv5rt.a(vex_rotation.cpp.obj)
                0x0000000003802c30                vex::rotation::~rotation()
 .text._ZN3vex8rotation9installedEv
                0x0000000003802c4c       0x18 /Applications/VEXcode Pro V5.app/Contents/Resources/sdk/vexv5/libv5rt.a(vex_rotation.cpp.obj)
                0x0000000003802c4c                vex::rotation::installed()
 .text._ZN3vex8rotation5valueEv
                0x0000000003802c64        0x8 /Applications/VEXcode Pro V5.app/Contents/Resources/sdk/vexv5/libv5rt.a(vex_rotation.cpp.obj)
                0x0000000003802c64                vex::rotation::value()
 .text._ZN3vex8rotationC2Elb
                0x0000000003802c6c       0x30 /Applications/VEXcode Pro V5.app/Contents/Resources/sdk/vexv5/libv5rt.a(vex_rotation.cpp.obj)
                0x0000000003802c6c                vex::rotation::rotation(long, bool)
                0x0000000003802c6c                vex::rotation::rotation(long, bool)
 *fill*         0x0000000003802c9c        0x4 
 .text._ZN3vex8rotation8positionENS_13rotationUnitsE
                0x0000000003802ca0       0x50 /Applications/VEXcode Pro V5.app/Contents/Resources/sdk/vexv5/libv5rt.a(vex_rotation.cpp.obj)
                0x0000000003802ca0                vex::rotation::position(vex::rotationUnits)
 .text._ZN3vex7opticalD2Ev
                0x0000000003802cf0       0x20 /Applications/VEXcode Pro V5.app/Contents/Resources/sdk/vexv5/libv5rt.a(vex_optical.cpp.obj)
                0x0000000003802cf0                vex::optical::~optical()
                0x0000000003802cf0                vex::optical::~optical()
 .text._ZN3vex7opticalD0Ev
                0x0000000003802d10       0x1c /Applications/VEXcode Pro V5.app/Contents/Resources/sdk/vexv5/libv5rt.a(vex_optical.cpp.obj)
                0x0000000003802d10                vex::optical::~optical()
 .text._ZN3vex7optical9installedEv
                0x0000000003802d2c       0x18 /Applications/VEXcode Pro V5.app/Contents/Resources/sdk/vexv5/libv5rt.a(vex_optical.cpp.obj)
                0x0000000003802d2c                vex::optical::installed()
 .text._ZN3vex7optical3hueEv
                0x0000000003802d44        0x8 /Applications/VEXcode Pro V5.app/Contents/Resources/sdk/vexv5/libv5rt.a(vex_optical.cpp.obj)
                0x0000000003802d44                vex::optical::hue()
 .text._ZN3vex7optical5valueEv
                0x0000000003802d4c       0x18 /Applications/VEXcode Pro V5.app/Contents/Resources/sdk/vexv5/libv5rt.a(vex_optical.cpp.obj)
                0x0000000003802d4c                vex::optical::value()
 .text._ZN3vex7optical13setLightPowerElNS_12percentUnitsE
                0x0000000003802d64       0x2c /Applications/VEXcode Pro V5.app/Contents/Resources/sdk/vexv5/libv5rt.a(vex_optical.cpp.obj)
                0x0000000003802d64                vex::optical::setLightPower(long, vex::percentUnits)
 .text._ZN3vex7optical13gestureEnableEv
                0x0000000003802d90        0x8 /Applications/VEXcode Pro V5.app/Contents/Resources/sdk/vexv5/libv5rt.a(vex_optical.cpp.obj)
                0x0000000003802d90                vex::optical::gestureEnable()
 .text._ZN3vex7optical14gestureDisableEv
                0x0000000003802d98        0x8 /Applications/VEXcode Pro V5.app/Contents/Resources/sdk/vexv5/libv5rt.a(vex_optical.cpp.obj)
                0x0000000003802d98                vex::optical::gestureDisable()
 .text._ZN3vex7opticalC2Elb
                0x0000000003802da0       0x54 /Applications/VEXcode Pro V5.app/Contents/Resources/sdk/vexv5/libv5rt.a(vex_optical.cpp.obj)
                0x0000000003802da0                vex::optical::optical(long, bool)
                0x0000000003802da0                vex::optical::optical(long, bool)
 .text._ZN3vex10controllerD2Ev
                0x0000000003802df4        0x4 /Applications/VEXcode Pro V5.app/Contents/Resources/sdk/vexv5/libv5rt.a(vex_controller.cpp.obj)
                0x0000000003802df4                vex::controller::~controller()
                0x0000000003802df4                vex::controller::~controller()
 .text._ZN3vex10controller5valueE19_V5_ControllerIndex
                0x0000000003802df8        0x8 /Applications/VEXcode Pro V5.app/Contents/Resources/sdk/vexv5/libv5rt.a(vex_controller.cpp.obj)
                0x0000000003802df8                vex::controller::value(_V5_ControllerIndex)
 .text._ZNK3vex10controller6button8pressingEv
                0x0000000003802e00       0xc8 /Applications/VEXcode Pro V5.app/Contents/Resources/sdk/vexv5/libv5rt.a(vex_controller.cpp.obj)
                0x0000000003802e00                vex::controller::button::pressing() const
 .text._ZNK3vex10controller6button21_buttonToPressedEventEv
                0x0000000003802ec8       0x20 /Applications/VEXcode Pro V5.app/Contents/Resources/sdk/vexv5/libv5rt.a(vex_controller.cpp.obj)
                0x0000000003802ec8                vex::controller::button::_buttonToPressedEvent() const
 .text._ZNK3vex10controller6button22_buttonToReleasedEventEv
                0x0000000003802ee8       0x20 /Applications/VEXcode Pro V5.app/Contents/Resources/sdk/vexv5/libv5rt.a(vex_controller.cpp.obj)
                0x0000000003802ee8                vex::controller::button::_buttonToReleasedEvent() const
 .text._ZN3vex10controller6buttonC2ENS0_11tButtonTypeEPS0_
                0x0000000003802f08       0x48 /Applications/VEXcode Pro V5.app/Contents/Resources/sdk/vexv5/libv5rt.a(vex_controller.cpp.obj)
                0x0000000003802f08                vex::controller::button::button(vex::controller::tButtonType, vex::controller*)
                0x0000000003802f08                vex::controller::button::button(vex::controller::tButtonType, vex::controller*)
 .text._ZNK3vex10controller4axis5valueEv
                0x0000000003802f50       0x58 /Applications/VEXcode Pro V5.app/Contents/Resources/sdk/vexv5/libv5rt.a(vex_controller.cpp.obj)
                0x0000000003802f50                vex::controller::axis::value() const
 .text._ZNK3vex10controller4axis23_joystickToChangedEventEv
                0x0000000003802fa8       0x20 /Applications/VEXcode Pro V5.app/Contents/Resources/sdk/vexv5/libv5rt.a(vex_controller.cpp.obj)
                0x0000000003802fa8                vex::controller::axis::_joystickToChangedEvent() const
 .text._ZN3vex10controller4axisC2ENS0_9tAxisTypeEPS0_
                0x0000000003802fc8       0x2c /Applications/VEXcode Pro V5.app/Contents/Resources/sdk/vexv5/libv5rt.a(vex_controller.cpp.obj)
                0x0000000003802fc8                vex::controller::axis::axis(vex::controller::tAxisType, vex::controller*)
                0x0000000003802fc8                vex::controller::axis::axis(vex::controller::tAxisType, vex::controller*)
 .text._ZN3vex10controllerC2ENS_14controllerTypeE
                0x0000000003802ff4      0x16c /Applications/VEXcode Pro V5.app/Contents/Resources/sdk/vexv5/libv5rt.a(vex_controller.cpp.obj)
                0x0000000003802ff4                vex::controller::controller(vex::controllerType)
                0x0000000003802ff4                vex::controller::controller(vex::controllerType)
 .text._ZN3vex4taskC2Ev
                0x0000000003803160       0x28 /Applications/VEXcode Pro V5.app/Contents/Resources/sdk/vexv5/libv5rt.a(vex_task.cpp.obj)
                0x0000000003803160                vex::task::task()
                0x0000000003803160                vex::task::task()
 .text._ZN3vex4taskC2EPFivE
                0x0000000003803188       0x5c /Applications/VEXcode Pro V5.app/Contents/Resources/sdk/vexv5/libv5rt.a(vex_task.cpp.obj)
                0x0000000003803188                vex::task::task(int (*)())
                0x0000000003803188                vex::task::task(int (*)())
 .text._ZN3vex4taskD2Ev
                0x00000000038031e4        0x4 /Applications/VEXcode Pro V5.app/Contents/Resources/sdk/vexv5/libv5rt.a(vex_task.cpp.obj)
                0x00000000038031e4                vex::task::~task()
                0x00000000038031e4                vex::task::~task()
 .text._ZN3vex4task4stopEPvi
                0x00000000038031e8       0x1c /Applications/VEXcode Pro V5.app/Contents/Resources/sdk/vexv5/libv5rt.a(vex_task.cpp.obj)
                0x00000000038031e8                vex::task::stop(void*, int)
 .text._ZN3vex4task5sleepEm
                0x0000000003803204        0x4 /Applications/VEXcode Pro V5.app/Contents/Resources/sdk/vexv5/libv5rt.a(vex_task.cpp.obj)
                0x0000000003803204                vex::task::sleep(unsigned long)
 .text._ZN3vex4task6_indexEPFivE
                0x0000000003803208       0x14 /Applications/VEXcode Pro V5.app/Contents/Resources/sdk/vexv5/libv5rt.a(vex_task.cpp.obj)
                0x0000000003803208                vex::task::_index(int (*)())
 .text._ZN3vex4task8_stopAllEv
                0x000000000380321c       0x3c /Applications/VEXcode Pro V5.app/Contents/Resources/sdk/vexv5/libv5rt.a(vex_task.cpp.obj)
                0x000000000380321c                vex::task::_stopAll()
 .text._ZN3vex11this_thread9sleep_forEm
                0x0000000003803258        0x4 /Applications/VEXcode Pro V5.app/Contents/Resources/sdk/vexv5/libv5rt.a(vex_thread.cpp.obj)
                0x0000000003803258                vex::this_thread::sleep_for(unsigned long)
 .text._ZN3vex5event4initEmmPFvvE
                0x000000000380325c        0x4 /Applications/VEXcode Pro V5.app/Contents/Resources/sdk/vexv5/libv5rt.a(vex_event.cpp.obj)
                0x000000000380325c                vex::event::init(unsigned long, unsigned long, void (*)())
 .text._ZN3vex5event4initEmmPFvPvES1_
                0x0000000003803260        0x4 /Applications/VEXcode Pro V5.app/Contents/Resources/sdk/vexv5/libv5rt.a(vex_event.cpp.obj)
                0x0000000003803260                vex::event::init(unsigned long, unsigned long, void (*)(void*), void*)
 .text._ZN3vex5event9userindexEv
                0x0000000003803264        0x4 /Applications/VEXcode Pro V5.app/Contents/Resources/sdk/vexv5/libv5rt.a(vex_event.cpp.obj)
                0x0000000003803264                vex::event::userindex()
 .text._ZZN3vex6meventC4EmmENUlvE_4_FUNEv
                0x0000000003803268        0x4 /Applications/VEXcode Pro V5.app/Contents/Resources/sdk/vexv5/libv5rt.a(vex_mevent.cpp.obj)
 .text._ZN3vex6meventC2Emm
                0x000000000380326c       0x70 /Applications/VEXcode Pro V5.app/Contents/Resources/sdk/vexv5/libv5rt.a(vex_mevent.cpp.obj)
                0x000000000380326c                vex::mevent::mevent(unsigned long, unsigned long)
                0x000000000380326c                vex::mevent::mevent(unsigned long, unsigned long)
 .text._ZN3vex5brain9_getIndexEv
                0x00000000038032dc       0x10 /Applications/VEXcode Pro V5.app/Contents/Resources/sdk/vexv5/libv5rt.a(vex_brain.cpp.obj)
                0x00000000038032dc                vex::brain::_getIndex()
 .text._ZN3vex5brain3lcd9setCursorEll
                0x00000000038032ec       0x44 /Applications/VEXcode Pro V5.app/Contents/Resources/sdk/vexv5/libv5rt.a(vex_brain.cpp.obj)
                0x00000000038032ec                vex::brain::lcd::setCursor(long, long)
 .text._ZN3vex5brain3lcd7setFontENS_8fontTypeE
                0x0000000003803330      0x23c /Applications/VEXcode Pro V5.app/Contents/Resources/sdk/vexv5/libv5rt.a(vex_brain.cpp.obj)
                0x0000000003803330                vex::brain::lcd::setFont(vex::fontType)
 .text._ZN3vex5brain3lcdC2Ev
                0x000000000380356c       0x94 /Applications/VEXcode Pro V5.app/Contents/Resources/sdk/vexv5/libv5rt.a(vex_brain.cpp.obj)
                0x000000000380356c                vex::brain::lcd::lcd()
                0x000000000380356c                vex::brain::lcd::lcd()
 .text._ZN3vex5brainC2Ev
                0x0000000003803600       0x3c /Applications/VEXcode Pro V5.app/Contents/Resources/sdk/vexv5/libv5rt.a(vex_brain.cpp.obj)
                0x0000000003803600                vex::brain::brain()
                0x0000000003803600                vex::brain::brain()
 .text._ZN3vex5brain3lcd7printAtEllPKcz
                0x000000000380363c       0x54 /Applications/VEXcode Pro V5.app/Contents/Resources/sdk/vexv5/libv5rt.a(vex_brain.cpp.obj)
                0x000000000380363c                vex::brain::lcd::printAt(long, long, char const*, ...)
 .text._ZN3vex5brain3lcd12_clearScreenEm
                0x0000000003803690       0x38 /Applications/VEXcode Pro V5.app/Contents/Resources/sdk/vexv5/libv5rt.a(vex_brain.cpp.obj)
                0x0000000003803690                vex::brain::lcd::_clearScreen(unsigned long)
 .text._ZN3vex5brain3lcd11clearScreenERKNS_5colorE
                0x00000000038036c8       0x20 /Applications/VEXcode Pro V5.app/Contents/Resources/sdk/vexv5/libv5rt.a(vex_brain.cpp.obj)
                0x00000000038036c8                vex::brain::lcd::clearScreen(vex::color const&)
 .text._ZN3vex5brain3lcd11clearScreenEv
                0x00000000038036e8       0x2c /Applications/VEXcode Pro V5.app/Contents/Resources/sdk/vexv5/libv5rt.a(vex_brain.cpp.obj)
                0x00000000038036e8                vex::brain::lcd::clearScreen()
 .text._ZN3vex5brain3lcd8pressingEv
                0x0000000003803714       0x20 /Applications/VEXcode Pro V5.app/Contents/Resources/sdk/vexv5/libv5rt.a(vex_brain.cpp.obj)
                0x0000000003803714                vex::brain::lcd::pressing()
 .text._ZN3vex5brain7battery8capacityENS_12percentUnitsE
                0x0000000003803734       0x18 /Applications/VEXcode Pro V5.app/Contents/Resources/sdk/vexv5/libv5rt.a(vex_brain.cpp.obj)
                0x0000000003803734                vex::brain::battery::capacity(vex::percentUnits)
 .text._ZN3vex5brainD2Ev
                0x000000000380374c       0x20 /Applications/VEXcode Pro V5.app/Contents/Resources/sdk/vexv5/libv5rt.a(vex_brain.cpp.obj)
                0x000000000380374c                vex::brain::~brain()
                0x000000000380374c                vex::brain::~brain()
 .text._ZN3vex11competition8_disableEPv
                0x000000000380376c       0xa4 /Applications/VEXcode Pro V5.app/Contents/Resources/sdk/vexv5/libv5rt.a(vex_competition.cpp.obj)
                0x000000000380376c                vex::competition::_disable(void*)
 .text._ZN3vex11competition11_autonomousEv
                0x0000000003803810       0x80 /Applications/VEXcode Pro V5.app/Contents/Resources/sdk/vexv5/libv5rt.a(vex_competition.cpp.obj)
                0x0000000003803810                vex::competition::_autonomous()
 .text._ZN3vex11competition14_drivercontrolEv
                0x0000000003803890       0x80 /Applications/VEXcode Pro V5.app/Contents/Resources/sdk/vexv5/libv5rt.a(vex_competition.cpp.obj)
                0x0000000003803890                vex::competition::_drivercontrol()
 .text._ZN3vex11competitionC2Ev
                0x0000000003803910      0x13c /Applications/VEXcode Pro V5.app/Contents/Resources/sdk/vexv5/libv5rt.a(vex_competition.cpp.obj)
                0x0000000003803910                vex::competition::competition()
                0x0000000003803910                vex::competition::competition()
 .text._ZN3vex11competitionD2Ev
                0x0000000003803a4c        0x4 /Applications/VEXcode Pro V5.app/Contents/Resources/sdk/vexv5/libv5rt.a(vex_competition.cpp.obj)
                0x0000000003803a4c                vex::competition::~competition()
                0x0000000003803a4c                vex::competition::~competition()
 .text._ZN3vex11competition10autonomousEPFvvE
                0x0000000003803a50       0x44 /Applications/VEXcode Pro V5.app/Contents/Resources/sdk/vexv5/libv5rt.a(vex_competition.cpp.obj)
                0x0000000003803a50                vex::competition::autonomous(void (*)())
 .text._ZN3vex11competition13drivercontrolEPFvvE
                0x0000000003803a94       0x44 /Applications/VEXcode Pro V5.app/Contents/Resources/sdk/vexv5/libv5rt.a(vex_competition.cpp.obj)
                0x0000000003803a94                vex::competition::drivercontrol(void (*)())
 .text._ZN3vex7triportD2Ev
                0x0000000003803ad8       0x38 /Applications/VEXcode Pro V5.app/Contents/Resources/sdk/vexv5/libv5rt.a(vex_triport.cpp.obj)
                0x0000000003803ad8                vex::triport::~triport()
                0x0000000003803ad8                vex::triport::~triport()
 .text._ZN3vex7triportD0Ev
                0x0000000003803b10       0x1c /Applications/VEXcode Pro V5.app/Contents/Resources/sdk/vexv5/libv5rt.a(vex_triport.cpp.obj)
                0x0000000003803b10                vex::triport::~triport()
 .text._ZN3vex7triport9installedEv
                0x0000000003803b2c       0x18 /Applications/VEXcode Pro V5.app/Contents/Resources/sdk/vexv5/libv5rt.a(vex_triport.cpp.obj)
                0x0000000003803b2c                vex::triport::installed()
 .text._ZN3vex7triport4portC2ElPS0_
                0x0000000003803b44       0x74 /Applications/VEXcode Pro V5.app/Contents/Resources/sdk/vexv5/libv5rt.a(vex_triport.cpp.obj)
                0x0000000003803b44                vex::triport::port::port(long, vex::triport*)
                0x0000000003803b44                vex::triport::port::port(long, vex::triport*)
 .text._ZN3vex7triportC2El
                0x0000000003803bb8       0xf0 /Applications/VEXcode Pro V5.app/Contents/Resources/sdk/vexv5/libv5rt.a(vex_triport.cpp.obj)
                0x0000000003803bb8                vex::triport::triport(long)
                0x0000000003803bb8                vex::triport::triport(long)
 .text._ZN3vex7triport4port4typeENS_11triportTypeE
                0x0000000003803ca8       0x30 /Applications/VEXcode Pro V5.app/Contents/Resources/sdk/vexv5/libv5rt.a(vex_triport.cpp.obj)
                0x0000000003803ca8                vex::triport::port::type(vex::triportType)
 .text._ZN3vex7triport4port4typeEv
                0x0000000003803cd8       0x38 /Applications/VEXcode Pro V5.app/Contents/Resources/sdk/vexv5/libv5rt.a(vex_triport.cpp.obj)
                0x0000000003803cd8                vex::triport::port::type()
 .text._ZN3vex7triport4port5valueEv
                0x0000000003803d10       0x14 /Applications/VEXcode Pro V5.app/Contents/Resources/sdk/vexv5/libv5rt.a(vex_triport.cpp.obj)
                0x0000000003803d10                vex::triport::port::value()
 .text._ZN3vex7triport4port5valueEl
                0x0000000003803d24       0x18 /Applications/VEXcode Pro V5.app/Contents/Resources/sdk/vexv5/libv5rt.a(vex_triport.cpp.obj)
                0x0000000003803d24                vex::triport::port::value(long)
 *fill*         0x0000000003803d3c        0x4 
 .text._ZN3vex7triport4port8rotationENS_13rotationUnitsE
                0x0000000003803d40       0x40 /Applications/VEXcode Pro V5.app/Contents/Resources/sdk/vexv5/libv5rt.a(vex_triport.cpp.obj)
                0x0000000003803d40                vex::triport::port::rotation(vex::rotationUnits)
 .text._ZN3vex11__trideviceC2ERNS_7triport4portENS_11triportTypeE
                0x0000000003803d80       0x5c /Applications/VEXcode Pro V5.app/Contents/Resources/sdk/vexv5/libv5rt.a(vex_triport.cpp.obj)
                0x0000000003803d80                vex::__tridevice::__tridevice(vex::triport::port&, vex::triportType)
                0x0000000003803d80                vex::__tridevice::__tridevice(vex::triport::port&, vex::triportType)
 .text._ZN3vex11digital_outC2ERNS_7triport4portE
                0x0000000003803ddc       0x18 /Applications/VEXcode Pro V5.app/Contents/Resources/sdk/vexv5/libv5rt.a(vex_triport.cpp.obj)
                0x0000000003803ddc                vex::digital_out::digital_out(vex::triport::port&)
                0x0000000003803ddc                vex::digital_out::digital_out(vex::triport::port&)
 .text._ZN3vex11digital_outD2Ev
                0x0000000003803df4        0x4 /Applications/VEXcode Pro V5.app/Contents/Resources/sdk/vexv5/libv5rt.a(vex_triport.cpp.obj)
                0x0000000003803df4                vex::digital_out::~digital_out()
                0x0000000003803df4                vex::digital_out::~digital_out()
 .text._ZN3vex11digital_out3setEb
                0x0000000003803df8        0x8 /Applications/VEXcode Pro V5.app/Contents/Resources/sdk/vexv5/libv5rt.a(vex_triport.cpp.obj)
                0x0000000003803df8                vex::digital_out::set(bool)
 .text._ZN3vex7encoderC2ERNS_7triport4portE
                0x0000000003803e00       0x20 /Applications/VEXcode Pro V5.app/Contents/Resources/sdk/vexv5/libv5rt.a(vex_triport.cpp.obj)
                0x0000000003803e00                vex::encoder::encoder(vex::triport::port&)
                0x0000000003803e00                vex::encoder::encoder(vex::triport::port&)
 .text._ZN3vex7encoderD2Ev
                0x0000000003803e20        0x4 /Applications/VEXcode Pro V5.app/Contents/Resources/sdk/vexv5/libv5rt.a(vex_triport.cpp.obj)
                0x0000000003803e20                vex::encoder::~encoder()
                0x0000000003803e20                vex::encoder::~encoder()
 .text._ZN3vex7encoder8positionENS_13rotationUnitsE
                0x0000000003803e24        0x8 /Applications/VEXcode Pro V5.app/Contents/Resources/sdk/vexv5/libv5rt.a(vex_triport.cpp.obj)
                0x0000000003803e24                vex::encoder::position(vex::rotationUnits)
 .text._ZN3vex5colorD2Ev
                0x0000000003803e2c        0x4 /Applications/VEXcode Pro V5.app/Contents/Resources/sdk/vexv5/libv5rt.a(vex_color.cpp.obj)
                0x0000000003803e2c                vex::color::~color()
                0x0000000003803e2c                vex::color::~color()
 .text._ZNK3vex5colorcvmEv
                0x0000000003803e30        0x8 /Applications/VEXcode Pro V5.app/Contents/Resources/sdk/vexv5/libv5rt.a(vex_color.cpp.obj)
                0x0000000003803e30                vex::color::operator unsigned long() const
 .text.startup._GLOBAL__sub_I__ZN3vex5color5blackE
                0x0000000003803e38      0x164 /Applications/VEXcode Pro V5.app/Contents/Resources/sdk/vexv5/libv5rt.a(vex_color.cpp.obj)
 .text._ZN3vex5timerD2Ev
                0x0000000003803f9c        0x4 /Applications/VEXcode Pro V5.app/Contents/Resources/sdk/vexv5/libv5rt.a(vex_timer.cpp.obj)
                0x0000000003803f9c                vex::timer::~timer()
                0x0000000003803f9c                vex::timer::~timer()
 .text._ZN3vex5timer5clearEv
                0x0000000003803fa0       0x1c /Applications/VEXcode Pro V5.app/Contents/Resources/sdk/vexv5/libv5rt.a(vex_timer.cpp.obj)
                0x0000000003803fa0                vex::timer::clear()
 .text._ZN3vex5timerC2Ev
                0x0000000003803fbc       0x14 /Applications/VEXcode Pro V5.app/Contents/Resources/sdk/vexv5/libv5rt.a(vex_timer.cpp.obj)
                0x0000000003803fbc                vex::timer::timer()
                0x0000000003803fbc                vex::timer::timer()
 .text._ZN3vex11motor_group18motor_group_motorsC2Ev
                0x0000000003803fd0       0x28 /Applications/VEXcode Pro V5.app/Contents/Resources/sdk/vexv5/libv5rt.a(vex_motorgroup.cpp.obj)
                0x0000000003803fd0                vex::motor_group::motor_group_motors::motor_group_motors()
                0x0000000003803fd0                vex::motor_group::motor_group_motors::motor_group_motors()
 .text._ZN3vex11motor_group18motor_group_motorsC2ERKS1_
                0x0000000003803ff8       0x20 /Applications/VEXcode Pro V5.app/Contents/Resources/sdk/vexv5/libv5rt.a(vex_motorgroup.cpp.obj)
                0x0000000003803ff8                vex::motor_group::motor_group_motors::motor_group_motors(vex::motor_group::motor_group_motors const&)
                0x0000000003803ff8                vex::motor_group::motor_group_motors::motor_group_motors(vex::motor_group::motor_group_motors const&)
 .text._ZN3vex11motor_groupC2Ev
                0x0000000003804018       0x1c /Applications/VEXcode Pro V5.app/Contents/Resources/sdk/vexv5/libv5rt.a(vex_motorgroup.cpp.obj)
                0x0000000003804018                vex::motor_group::motor_group()
                0x0000000003804018                vex::motor_group::motor_group()
 .text._ZN3vex11motor_groupD2Ev
                0x0000000003804034        0x4 /Applications/VEXcode Pro V5.app/Contents/Resources/sdk/vexv5/libv5rt.a(vex_motorgroup.cpp.obj)
                0x0000000003804034                vex::motor_group::~motor_group()
                0x0000000003804034                vex::motor_group::~motor_group()
 .text._ZN3vex11motor_group9_addMotorERNS_5motorE
                0x0000000003804038       0x20 /Applications/VEXcode Pro V5.app/Contents/Resources/sdk/vexv5/libv5rt.a(vex_motorgroup.cpp.obj)
                0x0000000003804038                vex::motor_group::_addMotor(vex::motor&)
 .text._ZN3vex11motor_group4spinENS_13directionTypeEdNS_12voltageUnitsE
                0x0000000003804058       0x54 /Applications/VEXcode Pro V5.app/Contents/Resources/sdk/vexv5/libv5rt.a(vex_motorgroup.cpp.obj)
                0x0000000003804058                vex::motor_group::spin(vex::directionType, double, vex::voltageUnits)
 .text._ZN3vex11motor_group8positionENS_13rotationUnitsE
                0x00000000038040ac        0xc /Applications/VEXcode Pro V5.app/Contents/Resources/sdk/vexv5/libv5rt.a(vex_motorgroup.cpp.obj)
                0x00000000038040ac                vex::motor_group::position(vex::rotationUnits)
 .text.vexAdiPortConfigSet
                0x00000000038040b8       0x28 /Applications/VEXcode Pro V5.app/Contents/Resources/sdk/vexv5/libv5rt.a(v5_apiuser.c.obj)
                0x00000000038040b8                vexAdiPortConfigSet
 .text.vexAdiPortConfigGet
                0x00000000038040e0       0x28 /Applications/VEXcode Pro V5.app/Contents/Resources/sdk/vexv5/libv5rt.a(v5_apiuser.c.obj)
                0x00000000038040e0                vexAdiPortConfigGet
 .text.vexAdiValueSet
                0x0000000003804108       0x28 /Applications/VEXcode Pro V5.app/Contents/Resources/sdk/vexv5/libv5rt.a(v5_apiuser.c.obj)
                0x0000000003804108                vexAdiValueSet
 .text.vexAdiValueGet
                0x0000000003804130       0x20 /Applications/VEXcode Pro V5.app/Contents/Resources/sdk/vexv5/libv5rt.a(v5_apiuser.c.obj)
                0x0000000003804130                vexAdiValueGet
 .text.vexMotorVelocitySet
                0x0000000003804150       0x20 /Applications/VEXcode Pro V5.app/Contents/Resources/sdk/vexv5/libv5rt.a(v5_apiuser.c.obj)
                0x0000000003804150                vexMotorVelocitySet
 .text.vexMotorVoltageSet
                0x0000000003804170       0x20 /Applications/VEXcode Pro V5.app/Contents/Resources/sdk/vexv5/libv5rt.a(v5_apiuser.c.obj)
                0x0000000003804170                vexMotorVoltageSet
 .text.vexMotorVelocityGet
                0x0000000003804190       0x18 /Applications/VEXcode Pro V5.app/Contents/Resources/sdk/vexv5/libv5rt.a(v5_apiuser.c.obj)
                0x0000000003804190                vexMotorVelocityGet
 .text.vexMotorActualVelocityGet
                0x00000000038041a8       0x24 /Applications/VEXcode Pro V5.app/Contents/Resources/sdk/vexv5/libv5rt.a(v5_apiuser.c.obj)
                0x00000000038041a8                vexMotorActualVelocityGet
 .text.vexMotorModeGet
                0x00000000038041cc       0x18 /Applications/VEXcode Pro V5.app/Contents/Resources/sdk/vexv5/libv5rt.a(v5_apiuser.c.obj)
                0x00000000038041cc                vexMotorModeGet
 .text.vexMotorZeroPositionFlagGet
                0x00000000038041e4       0x18 /Applications/VEXcode Pro V5.app/Contents/Resources/sdk/vexv5/libv5rt.a(v5_apiuser.c.obj)
                0x00000000038041e4                vexMotorZeroPositionFlagGet
 .text.vexMotorReverseFlagSet
                0x00000000038041fc       0x20 /Applications/VEXcode Pro V5.app/Contents/Resources/sdk/vexv5/libv5rt.a(v5_apiuser.c.obj)
                0x00000000038041fc                vexMotorReverseFlagSet
 .text.vexMotorEncoderUnitsSet
                0x000000000380421c       0x20 /Applications/VEXcode Pro V5.app/Contents/Resources/sdk/vexv5/libv5rt.a(v5_apiuser.c.obj)
                0x000000000380421c                vexMotorEncoderUnitsSet
 .text.vexMotorBrakeModeSet
                0x000000000380423c       0x20 /Applications/VEXcode Pro V5.app/Contents/Resources/sdk/vexv5/libv5rt.a(v5_apiuser.c.obj)
                0x000000000380423c                vexMotorBrakeModeSet
 .text.vexMotorPositionSet
                0x000000000380425c       0x28 /Applications/VEXcode Pro V5.app/Contents/Resources/sdk/vexv5/libv5rt.a(v5_apiuser.c.obj)
                0x000000000380425c                vexMotorPositionSet
 .text.vexMotorPositionGet
                0x0000000003804284       0x24 /Applications/VEXcode Pro V5.app/Contents/Resources/sdk/vexv5/libv5rt.a(v5_apiuser.c.obj)
                0x0000000003804284                vexMotorPositionGet
 .text.vexMotorAbsoluteTargetSet
                0x00000000038042a8       0x30 /Applications/VEXcode Pro V5.app/Contents/Resources/sdk/vexv5/libv5rt.a(v5_apiuser.c.obj)
                0x00000000038042a8                vexMotorAbsoluteTargetSet
 .text.vexMotorGearingSet
                0x00000000038042d8       0x20 /Applications/VEXcode Pro V5.app/Contents/Resources/sdk/vexv5/libv5rt.a(v5_apiuser.c.obj)
                0x00000000038042d8                vexMotorGearingSet
 .text.vexMotorGearingGet
                0x00000000038042f8       0x18 /Applications/VEXcode Pro V5.app/Contents/Resources/sdk/vexv5/libv5rt.a(v5_apiuser.c.obj)
                0x00000000038042f8                vexMotorGearingGet
 .text.vexImuReset
                0x0000000003804310       0x10 /Applications/VEXcode Pro V5.app/Contents/Resources/sdk/vexv5/libv5rt.a(v5_apiuser.c.obj)
                0x0000000003804310                vexImuReset
 .text.vexImuHeadingGet
                0x0000000003804320       0x10 /Applications/VEXcode Pro V5.app/Contents/Resources/sdk/vexv5/libv5rt.a(v5_apiuser.c.obj)
                0x0000000003804320                vexImuHeadingGet
 .text.vexImuDegreesGet
                0x0000000003804330       0x10 /Applications/VEXcode Pro V5.app/Contents/Resources/sdk/vexv5/libv5rt.a(v5_apiuser.c.obj)
                0x0000000003804330                vexImuDegreesGet
 .text.vexImuStatusGet
                0x0000000003804340       0x10 /Applications/VEXcode Pro V5.app/Contents/Resources/sdk/vexv5/libv5rt.a(v5_apiuser.c.obj)
                0x0000000003804340                vexImuStatusGet
 .text.vexAbsEncPositionGet
                0x0000000003804350       0x10 /Applications/VEXcode Pro V5.app/Contents/Resources/sdk/vexv5/libv5rt.a(v5_apiuser.c.obj)
                0x0000000003804350                vexAbsEncPositionGet
 .text.vexAbsEncAngleGet
                0x0000000003804360       0x10 /Applications/VEXcode Pro V5.app/Contents/Resources/sdk/vexv5/libv5rt.a(v5_apiuser.c.obj)
                0x0000000003804360                vexAbsEncAngleGet
 .text.vexAbsEncReverseFlagSet
                0x0000000003804370       0x18 /Applications/VEXcode Pro V5.app/Contents/Resources/sdk/vexv5/libv5rt.a(v5_apiuser.c.obj)
                0x0000000003804370                vexAbsEncReverseFlagSet
 .text.vexOpticalHueGet
                0x0000000003804388       0x10 /Applications/VEXcode Pro V5.app/Contents/Resources/sdk/vexv5/libv5rt.a(v5_apiuser.c.obj)
                0x0000000003804388                vexOpticalHueGet
 .text.vexOpticalLedPwmSet
                0x0000000003804398       0x18 /Applications/VEXcode Pro V5.app/Contents/Resources/sdk/vexv5/libv5rt.a(v5_apiuser.c.obj)
                0x0000000003804398                vexOpticalLedPwmSet
 .text.vexOpticalGestureEnable
                0x00000000038043b0       0x10 /Applications/VEXcode Pro V5.app/Contents/Resources/sdk/vexv5/libv5rt.a(v5_apiuser.c.obj)
                0x00000000038043b0                vexOpticalGestureEnable
 .text.vexOpticalGestureDisable
                0x00000000038043c0       0x10 /Applications/VEXcode Pro V5.app/Contents/Resources/sdk/vexv5/libv5rt.a(v5_apiuser.c.obj)
                0x00000000038043c0                vexOpticalGestureDisable
 .text.vexOpticalProximityThreshold
                0x00000000038043d0       0x18 /Applications/VEXcode Pro V5.app/Contents/Resources/sdk/vexv5/libv5rt.a(v5_apiuser.c.obj)
                0x00000000038043d0                vexOpticalProximityThreshold
 .text.vexEventMaskSet
                0x00000000038043e8       0x28 /Applications/VEXcode Pro V5.app/Contents/Resources/sdk/vexv5/libv5rt.a(v5_apiuser.c.obj)
                0x00000000038043e8                vexEventMaskSet
 .text.vexEventMaskGet
                0x0000000003804410       0x18 /Applications/VEXcode Pro V5.app/Contents/Resources/sdk/vexv5/libv5rt.a(v5_apiuser.c.obj)
                0x0000000003804410                vexEventMaskGet
 .text._ZN3vex6deviceD2Ev
                0x0000000003804428        0x4 /Applications/VEXcode Pro V5.app/Contents/Resources/sdk/vexv5/libv5rt.a(vex_device.cpp.obj)
                0x0000000003804428                vex::device::~device()
                0x0000000003804428                vex::device::~device()
 .text._ZN3vex6device5valueEv
                0x000000000380442c        0x8 /Applications/VEXcode Pro V5.app/Contents/Resources/sdk/vexv5/libv5rt.a(vex_device.cpp.obj)
                0x000000000380442c                vex::device::value()
 .text._ZN3vex6deviceD0Ev
                0x0000000003804434       0x14 /Applications/VEXcode Pro V5.app/Contents/Resources/sdk/vexv5/libv5rt.a(vex_device.cpp.obj)
                0x0000000003804434                vex::device::~device()
 .text._ZN3vex6device4initEl
                0x0000000003804448       0x30 /Applications/VEXcode Pro V5.app/Contents/Resources/sdk/vexv5/libv5rt.a(vex_device.cpp.obj)
                0x0000000003804448                vex::device::init(long)
 .text._ZN3vex6deviceC2El
                0x0000000003804478       0x20 /Applications/VEXcode Pro V5.app/Contents/Resources/sdk/vexv5/libv5rt.a(vex_device.cpp.obj)
                0x0000000003804478                vex::device::device(long)
                0x0000000003804478                vex::device::device(long)
 .text._ZN3vex6device4typeEv
                0x0000000003804498       0x10 /Applications/VEXcode Pro V5.app/Contents/Resources/sdk/vexv5/libv5rt.a(vex_device.cpp.obj)
                0x0000000003804498                vex::device::type()
 .text._ZN3vex6device9installedEv
                0x00000000038044a8       0x14 /Applications/VEXcode Pro V5.app/Contents/Resources/sdk/vexv5/libv5rt.a(vex_device.cpp.obj)
                0x00000000038044a8                vex::device::installed()
 .text.__libc_fini_array
                0x00000000038044bc       0x30 /Applications/VEXcode Pro V5.app/Contents/Resources/sdk/vexv5/gcc/libs/libc.a(lib_a-fini.o)
                0x00000000038044bc                __libc_fini_array
 .text.__libc_init_array
                0x00000000038044ec       0x58 /Applications/VEXcode Pro V5.app/Contents/Resources/sdk/vexv5/gcc/libs/libc.a(lib_a-init.o)
                0x00000000038044ec                __libc_init_array
 *fill*         0x0000000003804544        0x4 
 .text.__libc_init_array.__stub
                0x0000000003804548       0x18 linker stubs
 *(.gnu.linkonce.t.*)
 *(.plt)
 *(.gnu_warning)
 *(.gcc_except_table)
 *(.glue_7)
 .glue_7        0x0000000003804560        0x0 linker stubs
 *(.glue_7t)
 .glue_7t       0x0000000003804560        0x0 linker stubs
 *(.vfp11_veneer)
 .vfp11_veneer  0x0000000003804560        0x0 linker stubs
 *(.ARM.extab)
 *(.gnu.linkonce.armextab.*)

.v4_bx          0x0000000003804560        0x0
 .v4_bx         0x0000000003804560        0x0 linker stubs

.iplt           0x0000000003804560        0x0
 .iplt          0x0000000003804560        0x0 build/src/autons.o

.init
 *(.init)

.fini
 *(.fini)

.rodata         0x0000000003804560      0x2a4
                0x0000000003804560                __rodata_start = .
 *(.rodata)
 *(.rodata.*)
 .rodata.str1.1
                0x0000000003804560       0x97 build/src/main.o
 .rodata.str1.1
                0x00000000038045f7       0x2e /Applications/VEXcode Pro V5.app/Contents/Resources/sdk/vexv5/libv5rt.a(v5_startup.c.obj)
 *fill*         0x0000000003804625        0x3 
 .rodata._ZN3vex6PORT20E
                0x0000000003804628        0x4 /Applications/VEXcode Pro V5.app/Contents/Resources/sdk/vexv5/libv5rt.a(vex_global.cpp.obj)
                0x0000000003804628                vex::PORT20
 .rodata._ZN3vex3fwdE
                0x000000000380462c        0x4 /Applications/VEXcode Pro V5.app/Contents/Resources/sdk/vexv5/libv5rt.a(vex_global.cpp.obj)
                0x000000000380462c                vex::fwd
 .rodata._ZN3vex5PORT3E
                0x0000000003804630        0x4 /Applications/VEXcode Pro V5.app/Contents/Resources/sdk/vexv5/libv5rt.a(vex_global.cpp.obj)
                0x0000000003804630                vex::PORT3
 .rodata._ZN3vex5PORT1E
                0x0000000003804634        0x4 /Applications/VEXcode Pro V5.app/Contents/Resources/sdk/vexv5/libv5rt.a(vex_global.cpp.obj)
                0x0000000003804634                vex::PORT1
 .rodata._ZN3vex7reverseE
                0x0000000003804638        0x4 /Applications/VEXcode Pro V5.app/Contents/Resources/sdk/vexv5/libv5rt.a(vex_global.cpp.obj)
                0x0000000003804638                vex::reverse
 .rodata._ZN3vex4voltE
                0x000000000380463c        0x4 /Applications/VEXcode Pro V5.app/Contents/Resources/sdk/vexv5/libv5rt.a(vex_global.cpp.obj)
                0x000000000380463c                vex::volt
 .rodata._ZN3vex6PORT10E
                0x0000000003804640        0x4 /Applications/VEXcode Pro V5.app/Contents/Resources/sdk/vexv5/libv5rt.a(vex_global.cpp.obj)
                0x0000000003804640                vex::PORT10
 .rodata._ZN3vex5PORT5E
                0x0000000003804644        0x4 /Applications/VEXcode Pro V5.app/Contents/Resources/sdk/vexv5/libv5rt.a(vex_global.cpp.obj)
                0x0000000003804644                vex::PORT5
 .rodata._ZN3vex6PORT14E
                0x0000000003804648        0x4 /Applications/VEXcode Pro V5.app/Contents/Resources/sdk/vexv5/libv5rt.a(vex_global.cpp.obj)
                0x0000000003804648                vex::PORT14
 .rodata._ZN3vex4msecE
                0x000000000380464c        0x4 /Applications/VEXcode Pro V5.app/Contents/Resources/sdk/vexv5/libv5rt.a(vex_global.cpp.obj)
                0x000000000380464c                vex::msec
 .rodata._ZN3vex6PORT18E
                0x0000000003804650        0x4 /Applications/VEXcode Pro V5.app/Contents/Resources/sdk/vexv5/libv5rt.a(vex_global.cpp.obj)
                0x0000000003804650                vex::PORT18
 .rodata._ZN3vex5PORT9E
                0x0000000003804654        0x4 /Applications/VEXcode Pro V5.app/Contents/Resources/sdk/vexv5/libv5rt.a(vex_global.cpp.obj)
                0x0000000003804654                vex::PORT9
 .rodata._ZN3vex6PORT21E
                0x0000000003804658        0x4 /Applications/VEXcode Pro V5.app/Contents/Resources/sdk/vexv5/libv5rt.a(vex_global.cpp.obj)
                0x0000000003804658                vex::PORT21
 .rodata._ZN3vex5PORT2E
                0x000000000380465c        0x4 /Applications/VEXcode Pro V5.app/Contents/Resources/sdk/vexv5/libv5rt.a(vex_global.cpp.obj)
                0x000000000380465c                vex::PORT2
 .rodata._ZN3vex6PORT11E
                0x0000000003804660        0x4 /Applications/VEXcode Pro V5.app/Contents/Resources/sdk/vexv5/libv5rt.a(vex_global.cpp.obj)
                0x0000000003804660                vex::PORT11
 .rodata._ZN3vex7primaryE
                0x0000000003804664        0x4 /Applications/VEXcode Pro V5.app/Contents/Resources/sdk/vexv5/libv5rt.a(vex_global.cpp.obj)
                0x0000000003804664                vex::primary
 .rodata._ZN3vex3degE
                0x0000000003804668        0x4 /Applications/VEXcode Pro V5.app/Contents/Resources/sdk/vexv5/libv5rt.a(vex_global.cpp.obj)
                0x0000000003804668                vex::deg
 .rodata._ZN3vex7percentE
                0x000000000380466c        0x4 /Applications/VEXcode Pro V5.app/Contents/Resources/sdk/vexv5/libv5rt.a(vex_global.cpp.obj)
                0x000000000380466c                vex::percent
 .rodata._ZN3vex6PORT15E
                0x0000000003804670        0x4 /Applications/VEXcode Pro V5.app/Contents/Resources/sdk/vexv5/libv5rt.a(vex_global.cpp.obj)
                0x0000000003804670                vex::PORT15
 .rodata._ZN3vex7degreesE
                0x0000000003804674        0x4 /Applications/VEXcode Pro V5.app/Contents/Resources/sdk/vexv5/libv5rt.a(vex_global.cpp.obj)
                0x0000000003804674                vex::degrees
 .rodata._ZN3vex6PORT22E
                0x0000000003804678        0x4 /Applications/VEXcode Pro V5.app/Contents/Resources/sdk/vexv5/libv5rt.a(vex_global.cpp.obj)
                0x0000000003804678                vex::PORT22
 .rodata._ZN3vex6PORT12E
                0x000000000380467c        0x4 /Applications/VEXcode Pro V5.app/Contents/Resources/sdk/vexv5/libv5rt.a(vex_global.cpp.obj)
                0x000000000380467c                vex::PORT12
 .rodata._ZN3vex5PORT7E
                0x0000000003804680        0x4 /Applications/VEXcode Pro V5.app/Contents/Resources/sdk/vexv5/libv5rt.a(vex_global.cpp.obj)
                0x0000000003804680                vex::PORT7
 .rodata._ZN3vex6PORT16E
                0x0000000003804684        0x4 /Applications/VEXcode Pro V5.app/Contents/Resources/sdk/vexv5/libv5rt.a(vex_global.cpp.obj)
                0x0000000003804684                vex::PORT16
 .rodata._ZN3vex8ratio6_1E
                0x0000000003804688        0x4 /Applications/VEXcode Pro V5.app/Contents/Resources/sdk/vexv5/libv5rt.a(vex_global.cpp.obj)
                0x0000000003804688                vex::ratio6_1
 .rodata._ZN3vex5PORT4E
                0x000000000380468c        0x4 /Applications/VEXcode Pro V5.app/Contents/Resources/sdk/vexv5/libv5rt.a(vex_global.cpp.obj)
                0x000000000380468c                vex::PORT4
 .rodata._ZN3vex6PORT13E
                0x0000000003804690        0x4 /Applications/VEXcode Pro V5.app/Contents/Resources/sdk/vexv5/libv5rt.a(vex_global.cpp.obj)
                0x0000000003804690                vex::PORT13
 .rodata._ZN3vex9ratio18_1E
                0x0000000003804694        0x4 /Applications/VEXcode Pro V5.app/Contents/Resources/sdk/vexv5/libv5rt.a(vex_global.cpp.obj)
                0x0000000003804694                vex::ratio18_1
 .rodata._ZN3vex6PORT17E
                0x0000000003804698        0x4 /Applications/VEXcode Pro V5.app/Contents/Resources/sdk/vexv5/libv5rt.a(vex_global.cpp.obj)
                0x0000000003804698                vex::PORT17
 *fill*         0x000000000380469c        0x4 
 .rodata._ZTVN3vex5motorE
                0x00000000038046a0       0x18 /Applications/VEXcode Pro V5.app/Contents/Resources/sdk/vexv5/libv5rt.a(vex_motor.cpp.obj)
                0x00000000038046a0                vtable for vex::motor
 .rodata._ZTVN3vex8inertialE
                0x00000000038046b8       0x68 /Applications/VEXcode Pro V5.app/Contents/Resources/sdk/vexv5/libv5rt.a(vex_imu.cpp.obj)
                0x00000000038046b8                vtable for vex::inertial
 .rodata._ZTVN3vex8rotationE
                0x0000000003804720       0x18 /Applications/VEXcode Pro V5.app/Contents/Resources/sdk/vexv5/libv5rt.a(vex_rotation.cpp.obj)
                0x0000000003804720                vtable for vex::rotation
 .rodata._ZTVN3vex7opticalE
                0x0000000003804738       0x18 /Applications/VEXcode Pro V5.app/Contents/Resources/sdk/vexv5/libv5rt.a(vex_optical.cpp.obj)
                0x0000000003804738                vtable for vex::optical
 .rodata.CSWTCH.16
                0x0000000003804750        0xb /Applications/VEXcode Pro V5.app/Contents/Resources/sdk/vexv5/libv5rt.a(vex_controller.cpp.obj)
 .rodata.CSWTCH.18
                0x000000000380475b        0xb /Applications/VEXcode Pro V5.app/Contents/Resources/sdk/vexv5/libv5rt.a(vex_controller.cpp.obj)
 .rodata.CSWTCH.24
                0x0000000003804766        0x3 /Applications/VEXcode Pro V5.app/Contents/Resources/sdk/vexv5/libv5rt.a(vex_controller.cpp.obj)
 .rodata.str1.1
                0x0000000003804769       0x14 /Applications/VEXcode Pro V5.app/Contents/Resources/sdk/vexv5/libv5rt.a(vex_task.cpp.obj)
 .rodata.str1.1
                0x000000000380477d       0x2d /Applications/VEXcode Pro V5.app/Contents/Resources/sdk/vexv5/libv5rt.a(vex_brain.cpp.obj)
 *fill*         0x00000000038047aa        0x6 
 .rodata._ZTVN3vex7triportE
                0x00000000038047b0       0x18 /Applications/VEXcode Pro V5.app/Contents/Resources/sdk/vexv5/libv5rt.a(vex_triport.cpp.obj)
                0x00000000038047b0                vtable for vex::triport
 .rodata.CSWTCH.38
                0x00000000038047c8       0x10 /Applications/VEXcode Pro V5.app/Contents/Resources/sdk/vexv5/libv5rt.a(vex_triport.cpp.obj)
 .rodata.CSWTCH.33
                0x00000000038047d8        0xe /Applications/VEXcode Pro V5.app/Contents/Resources/sdk/vexv5/libv5rt.a(vex_triport.cpp.obj)
 *fill*         0x00000000038047e6        0x2 
 .rodata._ZTVN3vex6deviceE
                0x00000000038047e8       0x18 /Applications/VEXcode Pro V5.app/Contents/Resources/sdk/vexv5/libv5rt.a(vex_device.cpp.obj)
                0x00000000038047e8                vtable for vex::device
 .rodata.str1.4
                0x0000000003804800        0x4 /Applications/VEXcode Pro V5.app/Contents/Resources/sdk/vexv5/gcc/libs/libc.a(lib_a-impure.o)
                                          0x2 (size before relaxing)
 *(.gnu.linkonce.r.*)
                0x0000000003804804                __rodata_end = .

.rodata1        0x0000000003804804        0x0
                0x0000000003804804                __rodata1_start = .
 *(.rodata1)
 *(.rodata1.*)
                0x0000000003804804                __rodata1_end = .

.sdata2         0x0000000003804804        0x0
                0x0000000003804804                __sdata2_start = .
 *(.sdata2)
 *(.sdata2.*)
 *(.gnu.linkonce.s2.*)
                0x0000000003804804                __sdata2_end = .

.sbss2          0x0000000003804804        0x0
                0x0000000003804804                __sbss2_start = .
 *(.sbss2)
 *(.sbss2.*)
 *(.gnu.linkonce.sb2.*)
                0x0000000003804804                __sbss2_end = .

.data           0x0000000003804808      0x43c
                0x0000000003804808                __data_start = .
 *(.data)
 *(.data.*)
 .data.appRunning
                0x0000000003804808        0x4 /Applications/VEXcode Pro V5.app/Contents/Resources/sdk/vexv5/libv5rt.a(v5_startup.c.obj)
                0x0000000003804808                appRunning
 .data.__yoff   0x000000000380480c        0x4 /Applications/VEXcode Pro V5.app/Contents/Resources/sdk/vexv5/libv5rt.a(v5_apijump.c.obj)
 .data._ZN3vex24__default_motor_velocityE
                0x0000000003804810        0x4 /Applications/VEXcode Pro V5.app/Contents/Resources/sdk/vexv5/libv5rt.a(vex_motor.cpp.obj)
                0x0000000003804810                vex::__default_motor_velocity
 *fill*         0x0000000003804814        0x4 
 .data.impure_data
                0x0000000003804818      0x428 /Applications/VEXcode Pro V5.app/Contents/Resources/sdk/vexv5/gcc/libs/libc.a(lib_a-impure.o)
 .data._impure_ptr
                0x0000000003804c40        0x4 /Applications/VEXcode Pro V5.app/Contents/Resources/sdk/vexv5/gcc/libs/libc.a(lib_a-impure.o)
                0x0000000003804c40                _impure_ptr
 *(.gnu.linkonce.d.*)
 *(.jcr)
 *(.got)
 *(.got.plt)
                0x0000000003804c44                __data_end = .

.igot.plt       0x0000000003804c44        0x0
 .igot.plt      0x0000000003804c44        0x0 build/src/autons.o

.data1          0x0000000003804c44        0x0
                0x0000000003804c44                __data1_start = .
 *(.data1)
 *(.data1.*)
                0x0000000003804c44                __data1_end = .

.got
 *(.got)

.ctors          0x0000000003804c44        0x0
                0x0000000003804c44                __CTOR_LIST__ = .
                0x0000000003804c44                ___CTORS_LIST___ = .
 *crtbegin.o(.ctors)
 *(EXCLUDE_FILE(*crtend.o) .ctors)
 *(SORT_BY_NAME(.ctors.*))
 *(.ctors)
                0x0000000003804c44                __CTOR_END__ = .
                0x0000000003804c44                ___CTORS_END___ = .

.dtors          0x0000000003804c44        0x0
                0x0000000003804c44                __DTOR_LIST__ = .
                0x0000000003804c44                ___DTORS_LIST___ = .
 *crtbegin.o(.dtors)
 *(EXCLUDE_FILE(*crtend.o) .dtors)
 *(SORT_BY_NAME(.dtors.*))
 *(.dtors)
                0x0000000003804c44                __DTOR_END__ = .
                0x0000000003804c44                ___DTORS_END___ = .

.fixup          0x0000000003804c44        0x0
                0x0000000003804c44                __fixup_start = .
 *(.fixup)
                0x0000000003804c44                __fixup_end = .

.eh_frame
 *(.eh_frame)

.eh_framehdr    0x0000000003804c44        0x0
                0x0000000003804c44                __eh_framehdr_start = .
 *(.eh_framehdr)
                0x0000000003804c44                __eh_framehdr_end = .

.gcc_except_table
 *(.gcc_except_table)

.mmu_tbl        0x0000000003808000        0x0
                0x0000000003808000                __mmu_tbl_start = .
 *(.mmu_tbl)
                0x0000000003808000                __mmu_tbl_end = .

.ARM.exidx      0x0000000003804c44        0x8
                0x0000000003804c44                __exidx_start = .
 *(.ARM.exidx*)
 .ARM.exidx.text._Z17default_constantsv
                0x0000000003804c44        0x8 build/src/autons.o
 .ARM.exidx.text._ZN3vex11motor_groupC2IJNS_5motorES2_S2_EEERS2_DpRT_
                0x0000000003804c4c        0x0 build/src/main.o
                                          0x8 (size before relaxing)
 .ARM.exidx.text._ZN5DriveD2Ev
                0x0000000003804c4c        0x0 build/src/main.o
                                          0x8 (size before relaxing)
 .ARM.exidx.text._Z9pre_autonv
                0x0000000003804c4c        0x0 build/src/main.o
                                          0x8 (size before relaxing)
 .ARM.exidx.text._Z10autonomousv
                0x0000000003804c4c        0x0 build/src/main.o
                                          0x8 (size before relaxing)
 .ARM.exidx.text._Z11usercontrolv
                0x0000000003804c4c        0x0 build/src/main.o
                                          0x8 (size before relaxing)
 .ARM.exidx.text.main
                0x0000000003804c4c        0x0 build/src/main.o
                                          0x8 (size before relaxing)
 .ARM.exidx.text._GLOBAL__sub_I_main.cpp
                0x0000000003804c4c        0x0 build/src/main.o
                                          0x8 (size before relaxing)
 .ARM.exidx.text._Z11vexcodeInitv
                0x0000000003804c4c        0x0 build/src/robot-config.o
                                          0x8 (size before relaxing)
 .ARM.exidx.text._GLOBAL__sub_I_robot_config.cpp
                0x0000000003804c4c        0x0 build/src/robot-config.o
                                          0x8 (size before relaxing)
 .ARM.exidx.text._ZN5DriveC2E11drive_setupN3vex11motor_groupES2_ifffiiiiiffiff
                0x0000000003804c4c        0x0 build/src/JAR-Template/drive.o
                                          0x8 (size before relaxing)
 .ARM.exidx.text._ZN5Drive18set_turn_constantsEfffff
                0x0000000003804c4c        0x0 build/src/JAR-Template/drive.o
                                          0x8 (size before relaxing)
 .ARM.exidx.text._ZN5Drive19set_drive_constantsEfffff
                0x0000000003804c4c        0x0 build/src/JAR-Template/drive.o
                                          0x8 (size before relaxing)
 .ARM.exidx.text._ZN5Drive21set_heading_constantsEfffff
                0x0000000003804c4c        0x0 build/src/JAR-Template/drive.o
                                          0x8 (size before relaxing)
 .ARM.exidx.text._ZN5Drive19set_swing_constantsEfffff
                0x0000000003804c4c        0x0 build/src/JAR-Template/drive.o
                                          0x8 (size before relaxing)
 .ARM.exidx.text._ZN5Drive24set_turn_exit_conditionsEfff
                0x0000000003804c4c        0x0 build/src/JAR-Template/drive.o
                                          0x8 (size before relaxing)
 .ARM.exidx.text._ZN5Drive25set_drive_exit_conditionsEfff
                0x0000000003804c4c        0x0 build/src/JAR-Template/drive.o
                                          0x8 (size before relaxing)
 .ARM.exidx.text._ZN5Drive25set_swing_exit_conditionsEfff
                0x0000000003804c4c        0x0 build/src/JAR-Template/drive.o
                                          0x8 (size before relaxing)
 .ARM.exidx.text._ZN5Drive20get_absolute_headingEv
                0x0000000003804c4c        0x0 build/src/JAR-Template/drive.o
                                          0x8 (size before relaxing)
 .ARM.exidx.text._ZN5Drive27get_ForwardTracker_positionEv
                0x0000000003804c4c        0x0 build/src/JAR-Template/drive.o
                                          0x8 (size before relaxing)
 .ARM.exidx.text._ZN5Drive28get_SidewaysTracker_positionEv
                0x0000000003804c4c        0x0 build/src/JAR-Template/drive.o
                                          0x8 (size before relaxing)
 .ARM.exidx.text._ZN5Drive14position_trackEv
                0x0000000003804c4c        0x0 build/src/JAR-Template/drive.o
                                          0x8 (size before relaxing)
 .ARM.exidx.text._ZN5Drive15set_coordinatesEfff
                0x0000000003804c4c        0x0 build/src/JAR-Template/drive.o
                                          0x8 (size before relaxing)
 .ARM.exidx.text._ZN5Drive19position_track_taskEv
                0x0000000003804c4c        0x0 build/src/JAR-Template/drive.o
                                          0x8 (size before relaxing)
 .ARM.exidx.text._ZN5Drive14control_arcadeEv